[2024-03-16T09:13:37.538+0000][0.021s] Using G1
[2024-03-16T09:13:37.636+0000][0.118s] Version: 17.0.10+7 (release)
[2024-03-16T09:13:37.636+0000][0.118s] CPUs: 12 total, 12 available
[2024-03-16T09:13:37.636+0000][0.119s] Memory: 12660M
[2024-03-16T09:13:37.637+0000][0.119s] Large Page Support: Disabled
[2024-03-16T09:13:37.637+0000][0.119s] NUMA Support: Disabled
[2024-03-16T09:13:37.637+0000][0.119s] Compressed Oops: Enabled (32-bit)
[2024-03-16T09:13:37.637+0000][0.120s] Heap Region Size: 1M
[2024-03-16T09:13:37.638+0000][0.120s] Heap Min Capacity: 512M
[2024-03-16T09:13:37.638+0000][0.120s] Heap Initial Capacity: 512M
[2024-03-16T09:13:37.638+0000][0.121s] Heap Max Capacity: 512M
[2024-03-16T09:13:37.639+0000][0.121s] Pre-touch: Enabled
[2024-03-16T09:13:37.639+0000][0.121s] Parallel Workers: 10
[2024-03-16T09:13:37.639+0000][0.121s] Concurrent Workers: 3
[2024-03-16T09:13:37.639+0000][0.122s] Concurrent Refinement Workers: 10
[2024-03-16T09:13:37.640+0000][0.122s] Periodic GC: Disabled
[2024-03-16T09:13:37.650+0000][0.132s] CDS archive(s) mapped at: [0x00007f6c8f000000-0x00007f6c8fa5f000-0x00007f6c8fa5f000), size 10874880, SharedBaseAddress: 0x00007f6c8f000000, ArchiveRelocationMode: 1.
[2024-03-16T09:13:37.650+0000][0.133s] Compressed class space mapped at: 0x00007f6c90000000-0x00007f6cd0000000, reserved size: 1073741824
[2024-03-16T09:13:37.651+0000][0.133s] Narrow klass base: 0x00007f6c8f000000, Narrow klass shift: 0, Narrow klass range: 0x100000000
[2024-03-16T09:13:38.601+0000][1.083s] GC(0) Pause Young (Normal) (G1 Evacuation Pause)
[2024-03-16T09:13:38.615+0000][1.097s] GC(0) Using 10 workers of 10 for evacuation
[2024-03-16T09:13:38.618+0000][1.101s] GC(0)   Pre Evacuate Collection Set: 0.2ms
[2024-03-16T09:13:38.619+0000][1.101s] GC(0)   Merge Heap Roots: 0.2ms
[2024-03-16T09:13:38.619+0000][1.101s] GC(0)   Evacuate Collection Set: 2.1ms
[2024-03-16T09:13:38.619+0000][1.102s] GC(0)   Post Evacuate Collection Set: 0.8ms
[2024-03-16T09:13:38.620+0000][1.102s] GC(0)   Other: 14.6ms
[2024-03-16T09:13:38.620+0000][1.102s] GC(0) Eden regions: 29->0(58)
[2024-03-16T09:13:38.620+0000][1.102s] GC(0) Survivor regions: 0->4(4)
[2024-03-16T09:13:38.620+0000][1.103s] GC(0) Old regions: 0->1
[2024-03-16T09:13:38.621+0000][1.103s] GC(0) Archive regions: 2->2
[2024-03-16T09:13:38.621+0000][1.103s] GC(0) Humongous regions: 0->0
[2024-03-16T09:13:38.621+0000][1.103s] GC(0) Metaspace: 9895K(10176K)->9895K(10176K) NonClass: 8670K(8832K)->8670K(8832K) Class: 1224K(1344K)->1224K(1344K)
[2024-03-16T09:13:38.621+0000][1.104s] GC(0) Pause Young (Normal) (G1 Evacuation Pause) 29M->5M(512M) 20.758ms
[2024-03-16T09:13:38.622+0000][1.104s] GC(0) User=0.03s Sys=0.01s Real=0.02s
[2024-03-16T09:13:39.303+0000][1.785s] GC(1) Pause Young (Normal) (G1 Evacuation Pause)
[2024-03-16T09:13:39.303+0000][1.786s] GC(1) Using 10 workers of 10 for evacuation
[2024-03-16T09:13:39.316+0000][1.798s] GC(1)   Pre Evacuate Collection Set: 0.3ms
[2024-03-16T09:13:39.316+0000][1.799s] GC(1)   Merge Heap Roots: 0.2ms
[2024-03-16T09:13:39.317+0000][1.799s] GC(1)   Evacuate Collection Set: 10.6ms
[2024-03-16T09:13:39.317+0000][1.799s] GC(1)   Post Evacuate Collection Set: 1.2ms
[2024-03-16T09:13:39.317+0000][1.800s] GC(1)   Other: 0.8ms
[2024-03-16T09:13:39.318+0000][1.800s] GC(1) Eden regions: 58->0(74)
[2024-03-16T09:13:39.318+0000][1.800s] GC(1) Survivor regions: 4->8(8)
[2024-03-16T09:13:39.318+0000][1.800s] GC(1) Old regions: 1->10
[2024-03-16T09:13:39.318+0000][1.801s] GC(1) Archive regions: 2->2
[2024-03-16T09:13:39.318+0000][1.801s] GC(1) Humongous regions: 4->4
[2024-03-16T09:13:39.319+0000][1.801s] GC(1) Metaspace: 17907K(18112K)->17907K(18112K) NonClass: 15692K(15808K)->15692K(15808K) Class: 2215K(2304K)->2215K(2304K)
[2024-03-16T09:13:39.319+0000][1.801s] GC(1) Pause Young (Normal) (G1 Evacuation Pause) 67M->22M(512M) 16.034ms
[2024-03-16T09:13:39.319+0000][1.802s] GC(1) User=0.12s Sys=0.00s Real=0.01s
[2024-03-16T09:13:39.694+0000][2.177s] GC(2) Pause Young (Concurrent Start) (Metadata GC Threshold)
[2024-03-16T09:13:39.695+0000][2.177s] GC(2) Using 10 workers of 10 for evacuation
[2024-03-16T09:13:39.701+0000][2.183s] GC(2)   Pre Evacuate Collection Set: 0.3ms
[2024-03-16T09:13:39.701+0000][2.183s] GC(2)   Merge Heap Roots: 0.2ms
[2024-03-16T09:13:39.701+0000][2.184s] GC(2)   Evacuate Collection Set: 4.1ms
[2024-03-16T09:13:39.702+0000][2.184s] GC(2)   Post Evacuate Collection Set: 0.9ms
[2024-03-16T09:13:39.702+0000][2.184s] GC(2)   Other: 0.8ms
[2024-03-16T09:13:39.702+0000][2.184s] GC(2) Eden regions: 28->0(108)
[2024-03-16T09:13:39.702+0000][2.185s] GC(2) Survivor regions: 8->2(10)
[2024-03-16T09:13:39.703+0000][2.185s] GC(2) Old regions: 10->18
[2024-03-16T09:13:39.703+0000][2.185s] GC(2) Archive regions: 2->2
[2024-03-16T09:13:39.703+0000][2.185s] GC(2) Humongous regions: 4->4
[2024-03-16T09:13:39.703+0000][2.185s] GC(2) Metaspace: 21154K(21504K)->21154K(21504K) NonClass: 18536K(18688K)->18536K(18688K) Class: 2617K(2816K)->2617K(2816K)
[2024-03-16T09:13:39.703+0000][2.186s] GC(2) Pause Young (Concurrent Start) (Metadata GC Threshold) 50M->23M(512M) 9.099ms
[2024-03-16T09:13:39.703+0000][2.186s] GC(2) User=0.05s Sys=0.00s Real=0.01s
[2024-03-16T09:13:39.704+0000][2.186s] GC(3) Concurrent Mark Cycle
[2024-03-16T09:13:39.704+0000][2.186s] GC(3) Concurrent Clear Claimed Marks
[2024-03-16T09:13:39.704+0000][2.187s] GC(3) Concurrent Clear Claimed Marks 0.287ms
[2024-03-16T09:13:39.705+0000][2.187s] GC(3) Concurrent Scan Root Regions
[2024-03-16T09:13:39.706+0000][2.189s] GC(3) Concurrent Scan Root Regions 1.849ms
[2024-03-16T09:13:39.707+0000][2.189s] GC(3) Concurrent Mark
[2024-03-16T09:13:39.707+0000][2.189s] GC(3) Concurrent Mark From Roots
[2024-03-16T09:13:39.707+0000][2.189s] GC(3) Using 3 workers of 3 for marking
[2024-03-16T09:13:39.713+0000][2.196s] GC(3) Concurrent Mark From Roots 6.325ms
[2024-03-16T09:13:39.714+0000][2.196s] GC(3) Concurrent Preclean
[2024-03-16T09:13:39.714+0000][2.196s] GC(3) Concurrent Preclean 0.475ms
[2024-03-16T09:13:39.715+0000][2.197s] GC(3) Pause Remark
[2024-03-16T09:13:39.717+0000][2.200s] GC(3) Pause Remark 24M->24M(512M) 2.731ms
[2024-03-16T09:13:39.718+0000][2.200s] GC(3) User=0.01s Sys=0.00s Real=0.00s
[2024-03-16T09:13:39.718+0000][2.200s] GC(3) Concurrent Mark 11.374ms
[2024-03-16T09:13:39.718+0000][2.201s] GC(3) Concurrent Rebuild Remembered Sets
[2024-03-16T09:13:39.722+0000][2.205s] GC(3) Concurrent Rebuild Remembered Sets 4.101ms
[2024-03-16T09:13:39.723+0000][2.205s] GC(3) Pause Cleanup
[2024-03-16T09:13:39.723+0000][2.206s] GC(3) Pause Cleanup 25M->25M(512M) 0.553ms
[2024-03-16T09:13:39.724+0000][2.206s] GC(3) User=0.00s Sys=0.00s Real=0.00s
[2024-03-16T09:13:39.724+0000][2.207s] GC(3) Concurrent Cleanup for Next Mark
[2024-03-16T09:13:39.725+0000][2.207s] GC(3) Concurrent Cleanup for Next Mark 0.747ms
[2024-03-16T09:13:39.725+0000][2.208s] GC(3) Concurrent Mark Cycle 21.629ms
[2024-03-16T09:13:41.160+0000][3.643s] GC(4) Pause Young (Concurrent Start) (Metadata GC Threshold)
[2024-03-16T09:13:41.160+0000][3.643s] GC(4) Using 10 workers of 10 for evacuation
[2024-03-16T09:13:41.167+0000][3.649s] GC(4)   Pre Evacuate Collection Set: 0.3ms
[2024-03-16T09:13:41.167+0000][3.650s] GC(4)   Merge Heap Roots: 0.2ms
[2024-03-16T09:13:41.167+0000][3.650s] GC(4)   Evacuate Collection Set: 4.4ms
[2024-03-16T09:13:41.168+0000][3.650s] GC(4)   Post Evacuate Collection Set: 1.5ms
[2024-03-16T09:13:41.168+0000][3.650s] GC(4)   Other: 0.6ms
[2024-03-16T09:13:41.168+0000][3.650s] GC(4) Eden regions: 87->0(299)
[2024-03-16T09:13:41.168+0000][3.651s] GC(4) Survivor regions: 2->8(14)
[2024-03-16T09:13:41.168+0000][3.651s] GC(4) Old regions: 18->18
[2024-03-16T09:13:41.169+0000][3.651s] GC(4) Archive regions: 2->2
[2024-03-16T09:13:41.169+0000][3.651s] GC(4) Humongous regions: 4->4
[2024-03-16T09:13:41.169+0000][3.651s] GC(4) Metaspace: 35773K(36160K)->35773K(36160K) NonClass: 31274K(31424K)->31274K(31424K) Class: 4499K(4736K)->4499K(4736K)
[2024-03-16T09:13:41.169+0000][3.652s] GC(4) Pause Young (Concurrent Start) (Metadata GC Threshold) 110M->29M(512M) 9.010ms
[2024-03-16T09:13:41.169+0000][3.652s] GC(4) User=0.06s Sys=0.00s Real=0.01s
[2024-03-16T09:13:41.170+0000][3.652s] GC(5) Concurrent Mark Cycle
[2024-03-16T09:13:41.170+0000][3.652s] GC(5) Concurrent Clear Claimed Marks
[2024-03-16T09:13:41.170+0000][3.652s] GC(5) Concurrent Clear Claimed Marks 0.233ms
[2024-03-16T09:13:41.170+0000][3.653s] GC(5) Concurrent Scan Root Regions
[2024-03-16T09:13:41.173+0000][3.656s] GC(5) Concurrent Scan Root Regions 3.106ms
[2024-03-16T09:13:41.174+0000][3.656s] GC(5) Concurrent Mark
[2024-03-16T09:13:41.174+0000][3.656s] GC(5) Concurrent Mark From Roots
[2024-03-16T09:13:41.174+0000][3.656s] GC(5) Using 3 workers of 3 for marking
[2024-03-16T09:13:41.187+0000][3.669s] GC(5) Concurrent Mark From Roots 12.886ms
[2024-03-16T09:13:41.187+0000][3.669s] GC(5) Concurrent Preclean
[2024-03-16T09:13:41.187+0000][3.670s] GC(5) Concurrent Preclean 0.318ms
[2024-03-16T09:13:41.188+0000][3.670s] GC(5) Pause Remark
[2024-03-16T09:13:41.191+0000][3.673s] GC(5) Pause Remark 31M->31M(512M) 2.968ms
[2024-03-16T09:13:41.191+0000][3.673s] GC(5) User=0.02s Sys=0.00s Real=0.00s
[2024-03-16T09:13:41.191+0000][3.674s] GC(5) Concurrent Mark 17.666ms
[2024-03-16T09:13:41.192+0000][3.674s] GC(5) Concurrent Rebuild Remembered Sets
[2024-03-16T09:13:41.196+0000][3.679s] GC(5) Concurrent Rebuild Remembered Sets 4.877ms
[2024-03-16T09:13:41.197+0000][3.679s] GC(5) Pause Cleanup
[2024-03-16T09:13:41.197+0000][3.680s] GC(5) Pause Cleanup 31M->31M(512M) 0.471ms
[2024-03-16T09:13:41.198+0000][3.680s] GC(5) User=0.00s Sys=0.00s Real=0.00s
[2024-03-16T09:13:41.198+0000][3.680s] GC(5) Concurrent Cleanup for Next Mark
[2024-03-16T09:13:41.199+0000][3.681s] GC(5) Concurrent Cleanup for Next Mark 0.894ms
[2024-03-16T09:13:41.199+0000][3.682s] GC(5) Concurrent Mark Cycle 29.702ms
[2024-03-16T09:15:04.551+0000][87.033s] Heap
[2024-03-16T09:15:04.551+0000][87.034s]  garbage-first heap   total 524288K, used 199496K [0x00000000e0000000, 0x0000000100000000)
[2024-03-16T09:15:04.552+0000][87.034s]   region size 1024K, 174 young (178176K), 8 survivors (8192K)
[2024-03-16T09:15:04.552+0000][87.034s]  Metaspace       used 51934K, committed 52480K, reserved 1114112K
[2024-03-16T09:15:04.552+0000][87.034s]   class space    used 6724K, committed 6976K, reserved 1048576K
