[2024-03-16T09:33:55.783+0000][0.108s] Using G1
[2024-03-16T09:33:55.900+0000][0.224s] Version: 17.0.10+7 (release)
[2024-03-16T09:33:55.901+0000][0.225s] CPUs: 12 total, 12 available
[2024-03-16T09:33:55.901+0000][0.226s] Memory: 12660M
[2024-03-16T09:33:55.901+0000][0.226s] Large Page Support: Disabled
[2024-03-16T09:33:55.901+0000][0.226s] NUMA Support: Disabled
[2024-03-16T09:33:55.902+0000][0.226s] Compressed Oops: Enabled (32-bit)
[2024-03-16T09:33:55.902+0000][0.227s] Heap Region Size: 1M
[2024-03-16T09:33:55.902+0000][0.227s] Heap Min Capacity: 512M
[2024-03-16T09:33:55.902+0000][0.227s] Heap Initial Capacity: 512M
[2024-03-16T09:33:55.903+0000][0.227s] Heap Max Capacity: 512M
[2024-03-16T09:33:55.903+0000][0.228s] Pre-touch: Enabled
[2024-03-16T09:33:55.903+0000][0.228s] Parallel Workers: 10
[2024-03-16T09:33:55.903+0000][0.228s] Concurrent Workers: 3
[2024-03-16T09:33:55.904+0000][0.228s] Concurrent Refinement Workers: 10
[2024-03-16T09:33:55.904+0000][0.228s] Periodic GC: Disabled
[2024-03-16T09:33:55.914+0000][0.239s] CDS archive(s) mapped at: [0x00007f0f07000000-0x00007f0f07a5f000-0x00007f0f07a5f000), size 10874880, SharedBaseAddress: 0x00007f0f07000000, ArchiveRelocationMode: 1.
[2024-03-16T09:33:55.915+0000][0.239s] Compressed class space mapped at: 0x00007f0f08000000-0x00007f0f48000000, reserved size: 1073741824
[2024-03-16T09:33:55.915+0000][0.239s] Narrow klass base: 0x00007f0f07000000, Narrow klass shift: 0, Narrow klass range: 0x100000000
[2024-03-16T09:33:57.868+0000][2.192s] GC(0) Pause Young (Normal) (G1 Evacuation Pause)
[2024-03-16T09:33:57.868+0000][2.193s] GC(0) Using 10 workers of 10 for evacuation
[2024-03-16T09:33:57.875+0000][2.199s] GC(0)   Pre Evacuate Collection Set: 0.3ms
[2024-03-16T09:33:57.875+0000][2.200s] GC(0)   Merge Heap Roots: 0.3ms
[2024-03-16T09:33:57.875+0000][2.200s] GC(0)   Evacuate Collection Set: 4.5ms
[2024-03-16T09:33:57.876+0000][2.200s] GC(0)   Post Evacuate Collection Set: 1.1ms
[2024-03-16T09:33:57.876+0000][2.200s] GC(0)   Other: 0.7ms
[2024-03-16T09:33:57.876+0000][2.201s] GC(0) Eden regions: 29->0(57)
[2024-03-16T09:33:57.876+0000][2.201s] GC(0) Survivor regions: 0->4(4)
[2024-03-16T09:33:57.877+0000][2.201s] GC(0) Old regions: 0->1
[2024-03-16T09:33:57.877+0000][2.202s] GC(0) Archive regions: 2->2
[2024-03-16T09:33:57.877+0000][2.202s] GC(0) Humongous regions: 0->0
[2024-03-16T09:33:57.877+0000][2.202s] GC(0) Metaspace: 10105K(10368K)->10105K(10368K) NonClass: 8848K(8960K)->8848K(8960K) Class: 1257K(1408K)->1257K(1408K)
[2024-03-16T09:33:57.878+0000][2.202s] GC(0) Pause Young (Normal) (G1 Evacuation Pause) 29M->5M(512M) 9.751ms
[2024-03-16T09:33:57.878+0000][2.202s] GC(0) User=0.05s Sys=0.00s Real=0.01s
[2024-03-16T09:33:59.059+0000][3.383s] GC(1) Pause Young (Normal) (G1 Evacuation Pause)
[2024-03-16T09:33:59.059+0000][3.384s] GC(1) Using 10 workers of 10 for evacuation
[2024-03-16T09:33:59.072+0000][3.396s] GC(1)   Pre Evacuate Collection Set: 0.2ms
[2024-03-16T09:33:59.072+0000][3.397s] GC(1)   Merge Heap Roots: 0.2ms
[2024-03-16T09:33:59.072+0000][3.397s] GC(1)   Evacuate Collection Set: 10.3ms
[2024-03-16T09:33:59.072+0000][3.397s] GC(1)   Post Evacuate Collection Set: 1.5ms
[2024-03-16T09:33:59.073+0000][3.397s] GC(1)   Other: 0.7ms
[2024-03-16T09:33:59.073+0000][3.397s] GC(1) Eden regions: 57->0(67)
[2024-03-16T09:33:59.073+0000][3.398s] GC(1) Survivor regions: 4->8(8)
[2024-03-16T09:33:59.073+0000][3.398s] GC(1) Old regions: 1->9
[2024-03-16T09:33:59.073+0000][3.398s] GC(1) Archive regions: 2->2
[2024-03-16T09:33:59.074+0000][3.398s] GC(1) Humongous regions: 4->4
[2024-03-16T09:33:59.074+0000][3.398s] GC(1) Metaspace: 17931K(18240K)->17931K(18240K) NonClass: 15715K(15936K)->15715K(15936K) Class: 2215K(2304K)->2215K(2304K)
[2024-03-16T09:33:59.074+0000][3.399s] GC(1) Pause Young (Normal) (G1 Evacuation Pause) 66M->21M(512M) 15.281ms
[2024-03-16T09:33:59.074+0000][3.399s] GC(1) User=0.07s Sys=0.02s Real=0.02s
[2024-03-16T09:33:59.667+0000][3.991s] GC(2) Pause Young (Concurrent Start) (Metadata GC Threshold)
[2024-03-16T09:33:59.667+0000][3.992s] GC(2) Using 10 workers of 10 for evacuation
[2024-03-16T09:33:59.676+0000][4.001s] GC(2)   Pre Evacuate Collection Set: 0.2ms
[2024-03-16T09:33:59.677+0000][4.001s] GC(2)   Merge Heap Roots: 0.2ms
[2024-03-16T09:33:59.677+0000][4.001s] GC(2)   Evacuate Collection Set: 6.8ms
[2024-03-16T09:33:59.677+0000][4.002s] GC(2)   Post Evacuate Collection Set: 1.4ms
[2024-03-16T09:33:59.677+0000][4.002s] GC(2)   Other: 1.0ms
[2024-03-16T09:33:59.678+0000][4.002s] GC(2) Eden regions: 29->0(89)
[2024-03-16T09:33:59.678+0000][4.002s] GC(2) Survivor regions: 8->2(9)
[2024-03-16T09:33:59.678+0000][4.003s] GC(2) Old regions: 9->18
[2024-03-16T09:33:59.678+0000][4.003s] GC(2) Archive regions: 2->2
[2024-03-16T09:33:59.679+0000][4.003s] GC(2) Humongous regions: 4->4
[2024-03-16T09:33:59.679+0000][4.003s] GC(2) Metaspace: 21180K(21504K)->21180K(21504K) NonClass: 18562K(18688K)->18562K(18688K) Class: 2617K(2816K)->2617K(2816K)
[2024-03-16T09:33:59.679+0000][4.004s] GC(2) Pause Young (Concurrent Start) (Metadata GC Threshold) 50M->23M(512M) 12.335ms
[2024-03-16T09:33:59.679+0000][4.004s] GC(2) User=0.05s Sys=0.00s Real=0.01s
[2024-03-16T09:33:59.680+0000][4.004s] GC(3) Concurrent Mark Cycle
[2024-03-16T09:33:59.680+0000][4.005s] GC(3) Concurrent Clear Claimed Marks
[2024-03-16T09:33:59.680+0000][4.005s] GC(3) Concurrent Clear Claimed Marks 0.336ms
[2024-03-16T09:33:59.681+0000][4.005s] GC(3) Concurrent Scan Root Regions
[2024-03-16T09:33:59.684+0000][4.009s] GC(3) Concurrent Scan Root Regions 3.897ms
[2024-03-16T09:33:59.685+0000][4.010s] GC(3) Concurrent Mark
[2024-03-16T09:33:59.685+0000][4.010s] GC(3) Concurrent Mark From Roots
[2024-03-16T09:33:59.685+0000][4.010s] GC(3) Using 3 workers of 3 for marking
[2024-03-16T09:33:59.696+0000][4.021s] GC(3) Concurrent Mark From Roots 11.036ms
[2024-03-16T09:33:59.697+0000][4.021s] GC(3) Concurrent Preclean
[2024-03-16T09:33:59.697+0000][4.022s] GC(3) Concurrent Preclean 0.429ms
[2024-03-16T09:33:59.698+0000][4.022s] GC(3) Pause Remark
[2024-03-16T09:33:59.701+0000][4.025s] GC(3) Pause Remark 24M->24M(512M) 3.019ms
[2024-03-16T09:33:59.701+0000][4.026s] GC(3) User=0.01s Sys=0.00s Real=0.00s
[2024-03-16T09:33:59.701+0000][4.026s] GC(3) Concurrent Mark 16.357ms
[2024-03-16T09:33:59.702+0000][4.026s] GC(3) Concurrent Rebuild Remembered Sets
[2024-03-16T09:33:59.708+0000][4.033s] GC(3) Concurrent Rebuild Remembered Sets 6.574ms
[2024-03-16T09:33:59.709+0000][4.033s] GC(3) Pause Cleanup
[2024-03-16T09:33:59.709+0000][4.034s] GC(3) Pause Cleanup 25M->25M(512M) 0.577ms
[2024-03-16T09:33:59.710+0000][4.034s] GC(3) User=0.00s Sys=0.00s Real=0.00s
[2024-03-16T09:33:59.710+0000][4.034s] GC(3) Concurrent Cleanup for Next Mark
[2024-03-16T09:33:59.711+0000][4.035s] GC(3) Concurrent Cleanup for Next Mark 1.024ms
[2024-03-16T09:33:59.712+0000][4.036s] GC(3) Concurrent Mark Cycle 32.025ms
[2024-03-16T09:34:03.340+0000][7.664s] GC(4) Pause Young (Normal) (G1 Evacuation Pause)
[2024-03-16T09:34:03.340+0000][7.665s] GC(4) Using 10 workers of 10 for evacuation
[2024-03-16T09:34:03.377+0000][7.701s] GC(4)   Pre Evacuate Collection Set: 0.3ms
[2024-03-16T09:34:03.377+0000][7.702s] GC(4)   Merge Heap Roots: 0.2ms
[2024-03-16T09:34:03.378+0000][7.702s] GC(4)   Evacuate Collection Set: 30.8ms
[2024-03-16T09:34:03.378+0000][7.703s] GC(4)   Post Evacuate Collection Set: 4.2ms
[2024-03-16T09:34:03.378+0000][7.703s] GC(4)   Other: 1.6ms
[2024-03-16T09:34:03.379+0000][7.703s] GC(4) Eden regions: 89->0(300)
[2024-03-16T09:34:03.379+0000][7.704s] GC(4) Survivor regions: 2->7(12)
[2024-03-16T09:34:03.379+0000][7.704s] GC(4) Old regions: 18->18
[2024-03-16T09:34:03.380+0000][7.704s] GC(4) Archive regions: 2->2
[2024-03-16T09:34:03.380+0000][7.705s] GC(4) Humongous regions: 4->4
[2024-03-16T09:34:03.381+0000][7.706s] GC(4) Metaspace: 34524K(34880K)->34524K(34880K) NonClass: 30192K(30400K)->30192K(30400K) Class: 4332K(4480K)->4332K(4480K)
[2024-03-16T09:34:03.382+0000][7.706s] GC(4) Pause Young (Normal) (G1 Evacuation Pause) 112M->28M(512M) 42.020ms
[2024-03-16T09:34:03.382+0000][7.707s] GC(4) User=0.17s Sys=0.02s Real=0.05s
[2024-03-16T09:34:04.040+0000][8.364s] GC(5) Pause Young (Concurrent Start) (Metadata GC Threshold)
[2024-03-16T09:34:04.041+0000][8.365s] GC(5) Using 10 workers of 10 for evacuation
[2024-03-16T09:34:04.073+0000][8.398s] GC(5)   Pre Evacuate Collection Set: 0.5ms
[2024-03-16T09:34:04.074+0000][8.398s] GC(5)   Merge Heap Roots: 0.1ms
[2024-03-16T09:34:04.074+0000][8.398s] GC(5)   Evacuate Collection Set: 29.8ms
[2024-03-16T09:34:04.074+0000][8.399s] GC(5)   Post Evacuate Collection Set: 1.4ms
[2024-03-16T09:34:04.075+0000][8.399s] GC(5)   Other: 1.6ms
[2024-03-16T09:34:04.075+0000][8.399s] GC(5) Eden regions: 10->0(299)
[2024-03-16T09:34:04.075+0000][8.400s] GC(5) Survivor regions: 7->8(39)
[2024-03-16T09:34:04.075+0000][8.400s] GC(5) Old regions: 18->18
[2024-03-16T09:34:04.076+0000][8.400s] GC(5) Archive regions: 2->2
[2024-03-16T09:34:04.076+0000][8.401s] GC(5) Humongous regions: 4->4
[2024-03-16T09:34:04.077+0000][8.401s] GC(5) Metaspace: 35769K(36160K)->35769K(36160K) NonClass: 31278K(31424K)->31278K(31424K) Class: 4491K(4736K)->4491K(4736K)
[2024-03-16T09:34:04.078+0000][8.402s] GC(5) Pause Young (Concurrent Start) (Metadata GC Threshold) 38M->29M(512M) 38.060ms
[2024-03-16T09:34:04.078+0000][8.403s] GC(5) User=0.12s Sys=0.01s Real=0.04s
[2024-03-16T09:34:04.079+0000][8.403s] GC(6) Concurrent Mark Cycle
[2024-03-16T09:34:04.079+0000][8.404s] GC(6) Concurrent Clear Claimed Marks
[2024-03-16T09:34:04.080+0000][8.405s] GC(6) Concurrent Clear Claimed Marks 0.799ms
[2024-03-16T09:34:04.080+0000][8.405s] GC(6) Concurrent Scan Root Regions
[2024-03-16T09:34:04.086+0000][8.411s] GC(6) Concurrent Scan Root Regions 5.566ms
[2024-03-16T09:34:04.086+0000][8.411s] GC(6) Concurrent Mark
[2024-03-16T09:34:04.087+0000][8.411s] GC(6) Concurrent Mark From Roots
[2024-03-16T09:34:04.087+0000][8.412s] GC(6) Using 3 workers of 3 for marking
[2024-03-16T09:34:04.129+0000][8.454s] GC(6) Concurrent Mark From Roots 42.145ms
[2024-03-16T09:34:04.130+0000][8.455s] GC(6) Concurrent Preclean
[2024-03-16T09:34:04.133+0000][8.457s] GC(6) Concurrent Preclean 2.459ms
[2024-03-16T09:34:04.134+0000][8.458s] GC(6) Pause Remark
[2024-03-16T09:34:04.147+0000][8.472s] GC(6) Pause Remark 31M->31M(512M) 13.605ms
[2024-03-16T09:34:04.148+0000][8.473s] GC(6) User=0.04s Sys=0.00s Real=0.01s
[2024-03-16T09:34:04.149+0000][8.473s] GC(6) Concurrent Mark 62.139ms
[2024-03-16T09:34:04.149+0000][8.474s] GC(6) Concurrent Rebuild Remembered Sets
[2024-03-16T09:34:04.172+0000][8.497s] GC(6) Concurrent Rebuild Remembered Sets 23.290ms
[2024-03-16T09:34:04.174+0000][8.499s] GC(6) Pause Cleanup
[2024-03-16T09:34:04.176+0000][8.500s] GC(6) Pause Cleanup 32M->32M(512M) 1.382ms
[2024-03-16T09:34:04.176+0000][8.500s] GC(6) User=0.01s Sys=0.00s Real=0.00s
[2024-03-16T09:34:04.176+0000][8.501s] GC(6) Concurrent Cleanup for Next Mark
[2024-03-16T09:34:04.178+0000][8.503s] GC(6) Concurrent Cleanup for Next Mark 2.036ms
[2024-03-16T09:34:04.179+0000][8.504s] GC(6) Concurrent Mark Cycle 100.089ms
[2024-03-16T09:38:28.882+0000][273.206s] Heap
[2024-03-16T09:38:28.901+0000][273.225s]  garbage-first heap   total 524288K, used 225800K [0x00000000e0000000, 0x0000000100000000)
[2024-03-16T09:38:28.901+0000][273.226s]   region size 1024K, 199 young (203776K), 8 survivors (8192K)
[2024-03-16T09:38:28.902+0000][273.226s]  Metaspace       used 53541K, committed 53952K, reserved 1114112K
[2024-03-16T09:38:28.902+0000][273.226s]   class space    used 6921K, committed 7104K, reserved 1048576K
