[2024-03-16T09:15:06.034+0000][0.033s] Using G1
[2024-03-16T09:15:06.117+0000][0.115s] Version: 17.0.10+7 (release)
[2024-03-16T09:15:06.117+0000][0.115s] CPUs: 12 total, 12 available
[2024-03-16T09:15:06.117+0000][0.116s] Memory: 12660M
[2024-03-16T09:15:06.117+0000][0.116s] Large Page Support: Disabled
[2024-03-16T09:15:06.117+0000][0.116s] NUMA Support: Disabled
[2024-03-16T09:15:06.118+0000][0.116s] Compressed Oops: Enabled (32-bit)
[2024-03-16T09:15:06.118+0000][0.116s] Heap Region Size: 1M
[2024-03-16T09:15:06.118+0000][0.116s] Heap Min Capacity: 512M
[2024-03-16T09:15:06.118+0000][0.117s] Heap Initial Capacity: 512M
[2024-03-16T09:15:06.118+0000][0.117s] Heap Max Capacity: 512M
[2024-03-16T09:15:06.118+0000][0.117s] Pre-touch: Enabled
[2024-03-16T09:15:06.119+0000][0.117s] Parallel Workers: 10
[2024-03-16T09:15:06.119+0000][0.117s] Concurrent Workers: 3
[2024-03-16T09:15:06.119+0000][0.118s] Concurrent Refinement Workers: 10
[2024-03-16T09:15:06.119+0000][0.118s] Periodic GC: Disabled
[2024-03-16T09:15:06.125+0000][0.123s] CDS archive(s) mapped at: [0x00007f0b7f000000-0x00007f0b7fa5f000-0x00007f0b7fa5f000), size 10874880, SharedBaseAddress: 0x00007f0b7f000000, ArchiveRelocationMode: 1.
[2024-03-16T09:15:06.125+0000][0.124s] Compressed class space mapped at: 0x00007f0b80000000-0x00007f0bc0000000, reserved size: 1073741824
[2024-03-16T09:15:06.125+0000][0.124s] Narrow klass base: 0x00007f0b7f000000, Narrow klass shift: 0, Narrow klass range: 0x100000000
[2024-03-16T09:15:06.908+0000][0.907s] GC(0) Pause Young (Normal) (G1 Evacuation Pause)
[2024-03-16T09:15:06.908+0000][0.907s] GC(0) Using 10 workers of 10 for evacuation
[2024-03-16T09:15:06.912+0000][0.911s] GC(0)   Pre Evacuate Collection Set: 0.2ms
[2024-03-16T09:15:06.913+0000][0.911s] GC(0)   Merge Heap Roots: 0.2ms
[2024-03-16T09:15:06.913+0000][0.912s] GC(0)   Evacuate Collection Set: 2.3ms
[2024-03-16T09:15:06.913+0000][0.912s] GC(0)   Post Evacuate Collection Set: 0.8ms
[2024-03-16T09:15:06.914+0000][0.912s] GC(0)   Other: 0.9ms
[2024-03-16T09:15:06.914+0000][0.913s] GC(0) Eden regions: 29->0(57)
[2024-03-16T09:15:06.914+0000][0.913s] GC(0) Survivor regions: 0->4(4)
[2024-03-16T09:15:06.915+0000][0.913s] GC(0) Old regions: 0->1
[2024-03-16T09:15:06.915+0000][0.913s] GC(0) Archive regions: 2->2
[2024-03-16T09:15:06.915+0000][0.914s] GC(0) Humongous regions: 0->0
[2024-03-16T09:15:06.915+0000][0.914s] GC(0) Metaspace: 9952K(10240K)->9952K(10240K) NonClass: 8712K(8832K)->8712K(8832K) Class: 1240K(1408K)->1240K(1408K)
[2024-03-16T09:15:06.916+0000][0.914s] GC(0) Pause Young (Normal) (G1 Evacuation Pause) 29M->5M(512M) 7.642ms
[2024-03-16T09:15:06.916+0000][0.915s] GC(0) User=0.04s Sys=0.01s Real=0.01s
[2024-03-16T09:15:07.554+0000][1.553s] GC(1) Pause Young (Normal) (G1 Evacuation Pause)
[2024-03-16T09:15:07.555+0000][1.553s] GC(1) Using 10 workers of 10 for evacuation
[2024-03-16T09:15:07.563+0000][1.562s] GC(1)   Pre Evacuate Collection Set: 0.3ms
[2024-03-16T09:15:07.563+0000][1.562s] GC(1)   Merge Heap Roots: 0.2ms
[2024-03-16T09:15:07.564+0000][1.562s] GC(1)   Evacuate Collection Set: 6.5ms
[2024-03-16T09:15:07.564+0000][1.563s] GC(1)   Post Evacuate Collection Set: 1.1ms
[2024-03-16T09:15:07.565+0000][1.563s] GC(1)   Other: 0.8ms
[2024-03-16T09:15:07.565+0000][1.564s] GC(1) Eden regions: 57->0(202)
[2024-03-16T09:15:07.565+0000][1.564s] GC(1) Survivor regions: 4->8(8)
[2024-03-16T09:15:07.566+0000][1.564s] GC(1) Old regions: 1->10
[2024-03-16T09:15:07.566+0000][1.565s] GC(1) Archive regions: 2->2
[2024-03-16T09:15:07.566+0000][1.565s] GC(1) Humongous regions: 4->4
[2024-03-16T09:15:07.567+0000][1.565s] GC(1) Metaspace: 17923K(18176K)->17923K(18176K) NonClass: 15708K(15872K)->15708K(15872K) Class: 2215K(2304K)->2215K(2304K)
[2024-03-16T09:15:07.567+0000][1.565s] GC(1) Pause Young (Normal) (G1 Evacuation Pause) 66M->21M(512M) 12.637ms
[2024-03-16T09:15:07.567+0000][1.566s] GC(1) User=0.07s Sys=0.02s Real=0.01s
[2024-03-16T09:15:07.870+0000][1.869s] GC(2) Pause Young (Concurrent Start) (Metadata GC Threshold)
[2024-03-16T09:15:07.871+0000][1.869s] GC(2) Using 10 workers of 10 for evacuation
[2024-03-16T09:15:07.877+0000][1.876s] GC(2)   Pre Evacuate Collection Set: 0.3ms
[2024-03-16T09:15:07.878+0000][1.876s] GC(2)   Merge Heap Roots: 0.3ms
[2024-03-16T09:15:07.878+0000][1.877s] GC(2)   Evacuate Collection Set: 4.3ms
[2024-03-16T09:15:07.878+0000][1.877s] GC(2)   Post Evacuate Collection Set: 1.2ms
[2024-03-16T09:15:07.879+0000][1.877s] GC(2)   Other: 0.9ms
[2024-03-16T09:15:07.879+0000][1.877s] GC(2) Eden regions: 30->0(160)
[2024-03-16T09:15:07.879+0000][1.878s] GC(2) Survivor regions: 8->10(19)
[2024-03-16T09:15:07.879+0000][1.878s] GC(2) Old regions: 10->10
[2024-03-16T09:15:07.880+0000][1.878s] GC(2) Archive regions: 2->2
[2024-03-16T09:15:07.880+0000][1.878s] GC(2) Humongous regions: 4->4
[2024-03-16T09:15:07.880+0000][1.879s] GC(2) Metaspace: 21172K(21504K)->21172K(21504K) NonClass: 18555K(18688K)->18555K(18688K) Class: 2617K(2816K)->2617K(2816K)
[2024-03-16T09:15:07.880+0000][1.879s] GC(2) Pause Young (Concurrent Start) (Metadata GC Threshold) 51M->23M(512M) 9.902ms
[2024-03-16T09:15:07.881+0000][1.879s] GC(2) User=0.06s Sys=0.01s Real=0.01s
[2024-03-16T09:15:07.881+0000][1.879s] GC(3) Concurrent Mark Cycle
[2024-03-16T09:15:07.881+0000][1.880s] GC(3) Concurrent Clear Claimed Marks
[2024-03-16T09:15:07.881+0000][1.880s] GC(3) Concurrent Clear Claimed Marks 0.267ms
[2024-03-16T09:15:07.882+0000][1.880s] GC(3) Concurrent Scan Root Regions
[2024-03-16T09:15:07.883+0000][1.882s] GC(3) Concurrent Scan Root Regions 1.836ms
[2024-03-16T09:15:07.884+0000][1.882s] GC(3) Concurrent Mark
[2024-03-16T09:15:07.884+0000][1.883s] GC(3) Concurrent Mark From Roots
[2024-03-16T09:15:07.884+0000][1.883s] GC(3) Using 3 workers of 3 for marking
[2024-03-16T09:15:07.891+0000][1.889s] GC(3) Concurrent Mark From Roots 6.481ms
[2024-03-16T09:15:07.891+0000][1.890s] GC(3) Concurrent Preclean
[2024-03-16T09:15:07.892+0000][1.890s] GC(3) Concurrent Preclean 0.412ms
[2024-03-16T09:15:07.892+0000][1.891s] GC(3) Pause Remark
[2024-03-16T09:15:07.894+0000][1.893s] GC(3) Pause Remark 24M->24M(512M) 2.464ms
[2024-03-16T09:15:07.895+0000][1.893s] GC(3) User=0.01s Sys=0.00s Real=0.00s
[2024-03-16T09:15:07.895+0000][1.894s] GC(3) Concurrent Mark 11.288ms
[2024-03-16T09:15:07.895+0000][1.894s] GC(3) Concurrent Rebuild Remembered Sets
[2024-03-16T09:15:07.900+0000][1.898s] GC(3) Concurrent Rebuild Remembered Sets 4.125ms
[2024-03-16T09:15:07.900+0000][1.899s] GC(3) Pause Cleanup
[2024-03-16T09:15:07.901+0000][1.899s] GC(3) Pause Cleanup 25M->25M(512M) 0.512ms
[2024-03-16T09:15:07.901+0000][1.899s] GC(3) User=0.00s Sys=0.00s Real=0.00s
[2024-03-16T09:15:07.901+0000][1.900s] GC(3) Concurrent Cleanup for Next Mark
[2024-03-16T09:15:07.902+0000][1.901s] GC(3) Concurrent Cleanup for Next Mark 0.900ms
[2024-03-16T09:15:07.902+0000][1.901s] GC(3) Concurrent Mark Cycle 21.619ms
[2024-03-16T09:15:09.326+0000][3.325s] GC(4) Pause Young (Concurrent Start) (Metadata GC Threshold)
[2024-03-16T09:15:09.327+0000][3.325s] GC(4) Using 10 workers of 10 for evacuation
[2024-03-16T09:15:09.335+0000][3.334s] GC(4)   Pre Evacuate Collection Set: 0.2ms
[2024-03-16T09:15:09.336+0000][3.334s] GC(4)   Merge Heap Roots: 0.2ms
[2024-03-16T09:15:09.336+0000][3.335s] GC(4)   Evacuate Collection Set: 6.5ms
[2024-03-16T09:15:09.337+0000][3.335s] GC(4)   Post Evacuate Collection Set: 1.5ms
[2024-03-16T09:15:09.337+0000][3.335s] GC(4)   Other: 0.7ms
[2024-03-16T09:15:09.337+0000][3.336s] GC(4) Eden regions: 95->0(291)
[2024-03-16T09:15:09.338+0000][3.336s] GC(4) Survivor regions: 10->16(20)
[2024-03-16T09:15:09.338+0000][3.336s] GC(4) Old regions: 10->10
[2024-03-16T09:15:09.338+0000][3.337s] GC(4) Archive regions: 2->2
[2024-03-16T09:15:09.338+0000][3.337s] GC(4) Humongous regions: 4->4
[2024-03-16T09:15:09.338+0000][3.337s] GC(4) Metaspace: 35717K(36160K)->35717K(36160K) NonClass: 31227K(31424K)->31227K(31424K) Class: 4490K(4736K)->4490K(4736K)
[2024-03-16T09:15:09.339+0000][3.337s] GC(4) Pause Young (Concurrent Start) (Metadata GC Threshold) 118M->29M(512M) 12.592ms
[2024-03-16T09:15:09.339+0000][3.338s] GC(4) User=0.07s Sys=0.00s Real=0.01s
[2024-03-16T09:15:09.339+0000][3.338s] GC(5) Concurrent Mark Cycle
[2024-03-16T09:15:09.339+0000][3.338s] GC(5) Concurrent Clear Claimed Marks
[2024-03-16T09:15:09.340+0000][3.338s] GC(5) Concurrent Clear Claimed Marks 0.246ms
[2024-03-16T09:15:09.340+0000][3.339s] GC(5) Concurrent Scan Root Regions
[2024-03-16T09:15:09.344+0000][3.342s] GC(5) Concurrent Scan Root Regions 3.898ms
[2024-03-16T09:15:09.344+0000][3.343s] GC(5) Concurrent Mark
[2024-03-16T09:15:09.345+0000][3.343s] GC(5) Concurrent Mark From Roots
[2024-03-16T09:15:09.345+0000][3.343s] GC(5) Using 3 workers of 3 for marking
[2024-03-16T09:15:09.353+0000][3.351s] GC(5) Concurrent Mark From Roots 8.218ms
[2024-03-16T09:15:09.353+0000][3.352s] GC(5) Concurrent Preclean
[2024-03-16T09:15:09.354+0000][3.352s] GC(5) Concurrent Preclean 0.479ms
[2024-03-16T09:15:09.355+0000][3.353s] GC(5) Pause Remark
[2024-03-16T09:15:09.358+0000][3.356s] GC(5) Pause Remark 31M->31M(512M) 2.800ms
[2024-03-16T09:15:09.358+0000][3.357s] GC(5) User=0.01s Sys=0.00s Real=0.00s
[2024-03-16T09:15:09.359+0000][3.357s] GC(5) Concurrent Mark 14.372ms
[2024-03-16T09:15:09.359+0000][3.358s] GC(5) Concurrent Rebuild Remembered Sets
[2024-03-16T09:15:09.363+0000][3.361s] GC(5) Concurrent Rebuild Remembered Sets 3.652ms
[2024-03-16T09:15:09.363+0000][3.362s] GC(5) Pause Cleanup
[2024-03-16T09:15:09.364+0000][3.362s] GC(5) Pause Cleanup 31M->31M(512M) 0.629ms
[2024-03-16T09:15:09.364+0000][3.363s] GC(5) User=0.00s Sys=0.00s Real=0.00s
[2024-03-16T09:15:09.365+0000][3.363s] GC(5) Concurrent Cleanup for Next Mark
[2024-03-16T09:15:09.366+0000][3.364s] GC(5) Concurrent Cleanup for Next Mark 0.946ms
[2024-03-16T09:15:09.366+0000][3.365s] GC(5) Concurrent Mark Cycle 27.024ms
[2024-03-16T09:19:02.495+0000][236.494s] Heap
[2024-03-16T09:19:02.496+0000][236.494s]  garbage-first heap   total 524288K, used 229611K [0x00000000e0000000, 0x0000000100000000)
[2024-03-16T09:19:02.496+0000][236.495s]   region size 1024K, 210 young (215040K), 16 survivors (16384K)
[2024-03-16T09:19:02.496+0000][236.495s]  Metaspace       used 53399K, committed 53824K, reserved 1114112K
[2024-03-16T09:19:02.497+0000][236.495s]   class space    used 6895K, committed 7104K, reserved 1048576K
