[2024-03-16T09:12:51.142+0000][0.080s] Using G1
[2024-03-16T09:13:04.838+0000][13.776s] Version: 17.0.10+7 (release)
[2024-03-16T09:13:04.839+0000][13.777s] CPUs: 12 total, 12 available
[2024-03-16T09:13:04.839+0000][13.777s] Memory: 12660M
[2024-03-16T09:13:04.840+0000][13.778s] Large Page Support: Disabled
[2024-03-16T09:13:04.840+0000][13.778s] NUMA Support: Disabled
[2024-03-16T09:13:04.840+0000][13.778s] Compressed Oops: Enabled (32-bit)
[2024-03-16T09:13:04.841+0000][13.779s] Heap Region Size: 1M
[2024-03-16T09:13:04.841+0000][13.779s] Heap Min Capacity: 512M
[2024-03-16T09:13:04.842+0000][13.780s] Heap Initial Capacity: 512M
[2024-03-16T09:13:04.842+0000][13.780s] Heap Max Capacity: 512M
[2024-03-16T09:13:04.842+0000][13.780s] Pre-touch: Enabled
[2024-03-16T09:13:04.843+0000][13.781s] Parallel Workers: 10
[2024-03-16T09:13:04.843+0000][13.781s] Concurrent Workers: 3
[2024-03-16T09:13:04.843+0000][13.781s] Concurrent Refinement Workers: 10
[2024-03-16T09:13:04.844+0000][13.782s] Periodic GC: Disabled
[2024-03-16T09:13:05.590+0000][14.528s] CDS archive(s) mapped at: [0x00007f37cb000000-0x00007f37cba5f000-0x00007f37cba5f000), size 10874880, SharedBaseAddress: 0x00007f37cb000000, ArchiveRelocationMode: 1.
[2024-03-16T09:13:05.591+0000][14.529s] Compressed class space mapped at: 0x00007f37cc000000-0x00007f380c000000, reserved size: 1073741824
[2024-03-16T09:13:05.591+0000][14.529s] Narrow klass base: 0x00007f37cb000000, Narrow klass shift: 0, Narrow klass range: 0x100000000
[2024-03-16T09:13:09.866+0000][18.804s] GC(0) Pause Young (Normal) (G1 Evacuation Pause)
[2024-03-16T09:13:09.866+0000][18.804s] GC(0) Using 10 workers of 10 for evacuation
[2024-03-16T09:13:09.871+0000][18.809s] GC(0)   Pre Evacuate Collection Set: 0.2ms
[2024-03-16T09:13:09.872+0000][18.810s] GC(0)   Merge Heap Roots: 0.2ms
[2024-03-16T09:13:09.872+0000][18.810s] GC(0)   Evacuate Collection Set: 3.2ms
[2024-03-16T09:13:09.872+0000][18.810s] GC(0)   Post Evacuate Collection Set: 1.0ms
[2024-03-16T09:13:09.873+0000][18.811s] GC(0)   Other: 0.9ms
[2024-03-16T09:13:09.873+0000][18.811s] GC(0) Eden regions: 29->0(57)
[2024-03-16T09:13:09.873+0000][18.811s] GC(0) Survivor regions: 0->4(4)
[2024-03-16T09:13:09.874+0000][18.812s] GC(0) Old regions: 0->1
[2024-03-16T09:13:09.874+0000][18.812s] GC(0) Archive regions: 2->2
[2024-03-16T09:13:09.874+0000][18.812s] GC(0) Humongous regions: 4->4
[2024-03-16T09:13:09.875+0000][18.813s] GC(0) Metaspace: 10153K(10432K)->10153K(10432K) NonClass: 8885K(9024K)->8885K(9024K) Class: 1267K(1408K)->1267K(1408K)
[2024-03-16T09:13:09.875+0000][18.813s] GC(0) Pause Young (Normal) (G1 Evacuation Pause) 33M->9M(512M) 9.093ms
[2024-03-16T09:13:09.875+0000][18.813s] GC(0) User=0.05s Sys=0.00s Real=0.01s
[2024-03-16T09:13:12.141+0000][21.079s] GC(1) Pause Young (Normal) (G1 Evacuation Pause)
[2024-03-16T09:13:12.141+0000][21.079s] GC(1) Using 10 workers of 10 for evacuation
[2024-03-16T09:13:12.166+0000][21.104s] GC(1)   Pre Evacuate Collection Set: 9.5ms
[2024-03-16T09:13:12.166+0000][21.104s] GC(1)   Merge Heap Roots: 0.2ms
[2024-03-16T09:13:12.166+0000][21.104s] GC(1)   Evacuate Collection Set: 6.1ms
[2024-03-16T09:13:12.167+0000][21.105s] GC(1)   Post Evacuate Collection Set: 1.1ms
[2024-03-16T09:13:12.167+0000][21.105s] GC(1)   Other: 8.3ms
[2024-03-16T09:13:12.168+0000][21.106s] GC(1) Eden regions: 55->0(64)
[2024-03-16T09:13:12.168+0000][21.106s] GC(1) Survivor regions: 4->8(8)
[2024-03-16T09:13:12.168+0000][21.106s] GC(1) Old regions: 1->9
[2024-03-16T09:13:12.168+0000][21.107s] GC(1) Archive regions: 2->2
[2024-03-16T09:13:12.169+0000][21.107s] GC(1) Humongous regions: 4->4
[2024-03-16T09:13:12.169+0000][21.107s] GC(1) Metaspace: 17910K(18112K)->17910K(18112K) NonClass: 15694K(15808K)->15694K(15808K) Class: 2215K(2304K)->2215K(2304K)
[2024-03-16T09:13:12.169+0000][21.107s] GC(1) Pause Young (Normal) (G1 Evacuation Pause) 64M->21M(512M) 28.734ms
[2024-03-16T09:13:12.170+0000][21.108s] GC(1) User=0.08s Sys=0.00s Real=0.03s
[2024-03-16T09:13:12.974+0000][21.912s] GC(2) Pause Young (Concurrent Start) (Metadata GC Threshold)
[2024-03-16T09:13:12.975+0000][21.913s] GC(2) Using 10 workers of 10 for evacuation
[2024-03-16T09:13:12.981+0000][21.919s] GC(2)   Pre Evacuate Collection Set: 0.2ms
[2024-03-16T09:13:12.982+0000][21.920s] GC(2)   Merge Heap Roots: 0.2ms
[2024-03-16T09:13:12.982+0000][21.920s] GC(2)   Evacuate Collection Set: 4.7ms
[2024-03-16T09:13:12.983+0000][21.921s] GC(2)   Post Evacuate Collection Set: 1.2ms
[2024-03-16T09:13:12.983+0000][21.921s] GC(2)   Other: 1.0ms
[2024-03-16T09:13:12.983+0000][21.921s] GC(2) Eden regions: 29->0(73)
[2024-03-16T09:13:12.984+0000][21.922s] GC(2) Survivor regions: 8->3(9)
[2024-03-16T09:13:12.984+0000][21.922s] GC(2) Old regions: 9->18
[2024-03-16T09:13:12.984+0000][21.922s] GC(2) Archive regions: 2->2
[2024-03-16T09:13:12.985+0000][21.923s] GC(2) Humongous regions: 4->4
[2024-03-16T09:13:12.985+0000][21.923s] GC(2) Metaspace: 21146K(21504K)->21146K(21504K) NonClass: 18528K(18688K)->18528K(18688K) Class: 2617K(2816K)->2617K(2816K)
[2024-03-16T09:13:12.985+0000][21.923s] GC(2) Pause Young (Concurrent Start) (Metadata GC Threshold) 50M->24M(512M) 10.853ms
[2024-03-16T09:13:12.985+0000][21.923s] GC(2) User=0.05s Sys=0.00s Real=0.01s
[2024-03-16T09:13:12.986+0000][21.924s] GC(3) Concurrent Mark Cycle
[2024-03-16T09:13:12.986+0000][21.924s] GC(3) Concurrent Clear Claimed Marks
[2024-03-16T09:13:12.987+0000][21.925s] GC(3) Concurrent Clear Claimed Marks 0.336ms
[2024-03-16T09:13:12.987+0000][21.925s] GC(3) Concurrent Scan Root Regions
[2024-03-16T09:13:13.003+0000][21.941s] GC(3) Concurrent Scan Root Regions 15.656ms
[2024-03-16T09:13:13.003+0000][21.941s] GC(3) Concurrent Mark
[2024-03-16T09:13:13.004+0000][21.942s] GC(3) Concurrent Mark From Roots
[2024-03-16T09:13:13.004+0000][21.942s] GC(3) Using 3 workers of 3 for marking
[2024-03-16T09:13:13.010+0000][21.948s] GC(3) Concurrent Mark From Roots 6.489ms
[2024-03-16T09:13:13.011+0000][21.949s] GC(3) Concurrent Preclean
[2024-03-16T09:13:13.011+0000][21.949s] GC(3) Concurrent Preclean 0.553ms
[2024-03-16T09:13:13.012+0000][21.950s] GC(3) Pause Remark
[2024-03-16T09:13:13.015+0000][21.953s] GC(3) Pause Remark 25M->25M(512M) 2.852ms
[2024-03-16T09:13:13.015+0000][21.953s] GC(3) User=0.02s Sys=0.00s Real=0.01s
[2024-03-16T09:13:13.015+0000][21.953s] GC(3) Concurrent Mark 12.209ms
[2024-03-16T09:13:13.016+0000][21.954s] GC(3) Concurrent Rebuild Remembered Sets
[2024-03-16T09:13:13.020+0000][21.958s] GC(3) Concurrent Rebuild Remembered Sets 3.825ms
[2024-03-16T09:13:13.020+0000][21.958s] GC(3) Pause Cleanup
[2024-03-16T09:13:13.021+0000][21.959s] GC(3) Pause Cleanup 26M->26M(512M) 0.665ms
[2024-03-16T09:13:13.021+0000][21.959s] GC(3) User=0.00s Sys=0.00s Real=0.00s
[2024-03-16T09:13:13.022+0000][21.960s] GC(3) Concurrent Cleanup for Next Mark
[2024-03-16T09:13:13.023+0000][21.961s] GC(3) Concurrent Cleanup for Next Mark 0.859ms
[2024-03-16T09:13:13.024+0000][21.962s] GC(3) Concurrent Mark Cycle 37.635ms
[2024-03-16T09:13:14.848+0000][23.786s] GC(4) Pause Young (Normal) (G1 Evacuation Pause)
[2024-03-16T09:13:14.848+0000][23.786s] GC(4) Using 10 workers of 10 for evacuation
[2024-03-16T09:13:14.854+0000][23.792s] GC(4)   Pre Evacuate Collection Set: 0.2ms
[2024-03-16T09:13:14.855+0000][23.793s] GC(4)   Merge Heap Roots: 0.2ms
[2024-03-16T09:13:14.855+0000][23.793s] GC(4)   Evacuate Collection Set: 3.6ms
[2024-03-16T09:13:14.855+0000][23.793s] GC(4)   Post Evacuate Collection Set: 1.9ms
[2024-03-16T09:13:14.856+0000][23.794s] GC(4)   Other: 0.8ms
[2024-03-16T09:13:14.856+0000][23.794s] GC(4) Eden regions: 73->0(300)
[2024-03-16T09:13:14.856+0000][23.794s] GC(4) Survivor regions: 3->7(10)
[2024-03-16T09:13:14.856+0000][23.794s] GC(4) Old regions: 18->18
[2024-03-16T09:13:14.857+0000][23.795s] GC(4) Archive regions: 2->2
[2024-03-16T09:13:14.857+0000][23.795s] GC(4) Humongous regions: 4->4
[2024-03-16T09:13:14.857+0000][23.795s] GC(4) Metaspace: 34187K(34496K)->34187K(34496K) NonClass: 29899K(30080K)->29899K(30080K) Class: 4287K(4416K)->4287K(4416K)
[2024-03-16T09:13:14.857+0000][23.795s] GC(4) Pause Young (Normal) (G1 Evacuation Pause) 97M->28M(512M) 9.860ms
[2024-03-16T09:13:14.858+0000][23.796s] GC(4) User=0.06s Sys=0.00s Real=0.01s
[2024-03-16T09:13:15.325+0000][24.263s] GC(5) Pause Young (Concurrent Start) (Metadata GC Threshold)
[2024-03-16T09:13:15.331+0000][24.269s] GC(5) Using 10 workers of 10 for evacuation
[2024-03-16T09:13:15.338+0000][24.276s] GC(5)   Pre Evacuate Collection Set: 0.3ms
[2024-03-16T09:13:15.338+0000][24.276s] GC(5)   Merge Heap Roots: 0.2ms
[2024-03-16T09:13:15.339+0000][24.277s] GC(5)   Evacuate Collection Set: 4.5ms
[2024-03-16T09:13:15.339+0000][24.277s] GC(5)   Post Evacuate Collection Set: 1.5ms
[2024-03-16T09:13:15.340+0000][24.278s] GC(5)   Other: 6.2ms
[2024-03-16T09:13:15.340+0000][24.278s] GC(5) Eden regions: 16->0(299)
[2024-03-16T09:13:15.341+0000][24.279s] GC(5) Survivor regions: 7->8(39)
[2024-03-16T09:13:15.341+0000][24.279s] GC(5) Old regions: 18->18
[2024-03-16T09:13:15.342+0000][24.280s] GC(5) Archive regions: 2->2
[2024-03-16T09:13:15.342+0000][24.280s] GC(5) Humongous regions: 4->4
[2024-03-16T09:13:15.343+0000][24.281s] GC(5) Metaspace: 35804K(36160K)->35804K(36160K) NonClass: 31287K(31424K)->31287K(31424K) Class: 4516K(4736K)->4516K(4736K)
[2024-03-16T09:13:15.343+0000][24.281s] GC(5) Pause Young (Concurrent Start) (Metadata GC Threshold) 44M->29M(512M) 18.263ms
[2024-03-16T09:13:15.343+0000][24.282s] GC(5) User=0.05s Sys=0.00s Real=0.02s
[2024-03-16T09:13:15.344+0000][24.282s] GC(6) Concurrent Mark Cycle
[2024-03-16T09:13:15.344+0000][24.282s] GC(6) Concurrent Clear Claimed Marks
[2024-03-16T09:13:15.344+0000][24.282s] GC(6) Concurrent Clear Claimed Marks 0.265ms
[2024-03-16T09:13:15.345+0000][24.283s] GC(6) Concurrent Scan Root Regions
[2024-03-16T09:13:15.348+0000][24.286s] GC(6) Concurrent Scan Root Regions 3.073ms
[2024-03-16T09:13:15.348+0000][24.286s] GC(6) Concurrent Mark
[2024-03-16T09:13:15.349+0000][24.287s] GC(6) Concurrent Mark From Roots
[2024-03-16T09:13:15.349+0000][24.287s] GC(6) Using 3 workers of 3 for marking
[2024-03-16T09:13:15.363+0000][24.301s] GC(6) Concurrent Mark From Roots 13.923ms
[2024-03-16T09:13:15.363+0000][24.301s] GC(6) Concurrent Preclean
[2024-03-16T09:13:15.364+0000][24.302s] GC(6) Concurrent Preclean 0.506ms
[2024-03-16T09:13:15.364+0000][24.302s] GC(6) Pause Remark
[2024-03-16T09:13:15.367+0000][24.305s] GC(6) Pause Remark 31M->31M(512M) 3.142ms
[2024-03-16T09:13:15.368+0000][24.306s] GC(6) User=0.02s Sys=0.00s Real=0.00s
[2024-03-16T09:13:15.368+0000][24.306s] GC(6) Concurrent Mark 20.080ms
[2024-03-16T09:13:15.369+0000][24.307s] GC(6) Concurrent Rebuild Remembered Sets
[2024-03-16T09:13:15.374+0000][24.312s] GC(6) Concurrent Rebuild Remembered Sets 5.258ms
[2024-03-16T09:13:15.375+0000][24.313s] GC(6) Pause Cleanup
[2024-03-16T09:13:15.375+0000][24.313s] GC(6) Pause Cleanup 31M->31M(512M) 0.515ms
[2024-03-16T09:13:15.375+0000][24.313s] GC(6) User=0.00s Sys=0.00s Real=0.00s
[2024-03-16T09:13:15.376+0000][24.314s] GC(6) Concurrent Cleanup for Next Mark
[2024-03-16T09:13:15.377+0000][24.315s] GC(6) Concurrent Cleanup for Next Mark 0.959ms
[2024-03-16T09:13:15.377+0000][24.315s] GC(6) Concurrent Mark Cycle 33.366ms
[2024-03-16T09:13:35.701+0000][44.639s] Heap
[2024-03-16T09:13:35.701+0000][44.639s]  garbage-first heap   total 524288K, used 245464K [0x00000000e0000000, 0x0000000100000000)
[2024-03-16T09:13:35.702+0000][44.640s]   region size 1024K, 218 young (223232K), 8 survivors (8192K)
[2024-03-16T09:13:35.702+0000][44.640s]  Metaspace       used 53771K, committed 54208K, reserved 1114112K
[2024-03-16T09:13:35.703+0000][44.641s]   class space    used 6918K, committed 7104K, reserved 1048576K
