[2024-03-16T22:38:03.810+0000][0.033s] Using G1
[2024-03-16T22:38:03.938+0000][0.161s] Version: 17.0.10+7 (release)
[2024-03-16T22:38:03.939+0000][0.162s] CPUs: 12 total, 12 available
[2024-03-16T22:38:03.939+0000][0.162s] Memory: 12660M
[2024-03-16T22:38:03.939+0000][0.162s] Large Page Support: Disabled
[2024-03-16T22:38:03.940+0000][0.163s] NUMA Support: Disabled
[2024-03-16T22:38:03.940+0000][0.163s] Compressed Oops: Enabled (32-bit)
[2024-03-16T22:38:03.940+0000][0.163s] Heap Region Size: 1M
[2024-03-16T22:38:03.940+0000][0.163s] Heap Min Capacity: 512M
[2024-03-16T22:38:03.941+0000][0.163s] Heap Initial Capacity: 512M
[2024-03-16T22:38:03.941+0000][0.164s] Heap Max Capacity: 512M
[2024-03-16T22:38:03.941+0000][0.164s] Pre-touch: Enabled
[2024-03-16T22:38:03.941+0000][0.164s] Parallel Workers: 10
[2024-03-16T22:38:03.941+0000][0.164s] Concurrent Workers: 3
[2024-03-16T22:38:03.942+0000][0.164s] Concurrent Refinement Workers: 10
[2024-03-16T22:38:03.942+0000][0.165s] Periodic GC: Disabled
[2024-03-16T22:38:03.950+0000][0.173s] CDS archive(s) mapped at: [0x00007f31b7000000-0x00007f31b7a5f000-0x00007f31b7a5f000), size 10874880, SharedBaseAddress: 0x00007f31b7000000, ArchiveRelocationMode: 1.
[2024-03-16T22:38:03.950+0000][0.173s] Compressed class space mapped at: 0x00007f31b8000000-0x00007f31f8000000, reserved size: 1073741824
[2024-03-16T22:38:03.951+0000][0.174s] Narrow klass base: 0x00007f31b7000000, Narrow klass shift: 0, Narrow klass range: 0x100000000
[2024-03-16T22:38:05.118+0000][1.341s] GC(0) Pause Young (Normal) (G1 Evacuation Pause)
[2024-03-16T22:38:05.119+0000][1.342s] GC(0) Using 10 workers of 10 for evacuation
[2024-03-16T22:38:05.123+0000][1.346s] GC(0)   Pre Evacuate Collection Set: 0.2ms
[2024-03-16T22:38:05.124+0000][1.347s] GC(0)   Merge Heap Roots: 0.3ms
[2024-03-16T22:38:05.124+0000][1.347s] GC(0)   Evacuate Collection Set: 2.6ms
[2024-03-16T22:38:05.125+0000][1.347s] GC(0)   Post Evacuate Collection Set: 1.0ms
[2024-03-16T22:38:05.125+0000][1.348s] GC(0)   Other: 1.0ms
[2024-03-16T22:38:05.125+0000][1.348s] GC(0) Eden regions: 29->0(57)
[2024-03-16T22:38:05.126+0000][1.348s] GC(0) Survivor regions: 0->4(4)
[2024-03-16T22:38:05.126+0000][1.349s] GC(0) Old regions: 0->1
[2024-03-16T22:38:05.126+0000][1.349s] GC(0) Archive regions: 2->2
[2024-03-16T22:38:05.126+0000][1.349s] GC(0) Humongous regions: 0->0
[2024-03-16T22:38:05.127+0000][1.350s] GC(0) Metaspace: 10045K(10368K)->10045K(10368K) NonClass: 8794K(8960K)->8794K(8960K) Class: 1251K(1408K)->1251K(1408K)
[2024-03-16T22:38:05.127+0000][1.350s] GC(0) Pause Young (Normal) (G1 Evacuation Pause) 29M->5M(512M) 8.526ms
[2024-03-16T22:38:05.127+0000][1.350s] GC(0) User=0.02s Sys=0.02s Real=0.01s
[2024-03-16T22:38:05.909+0000][2.131s] GC(1) Pause Young (Normal) (G1 Evacuation Pause)
[2024-03-16T22:38:05.909+0000][2.132s] GC(1) Using 10 workers of 10 for evacuation
[2024-03-16T22:38:05.917+0000][2.140s] GC(1)   Pre Evacuate Collection Set: 0.3ms
[2024-03-16T22:38:05.917+0000][2.140s] GC(1)   Merge Heap Roots: 0.2ms
[2024-03-16T22:38:05.918+0000][2.141s] GC(1)   Evacuate Collection Set: 6.2ms
[2024-03-16T22:38:05.918+0000][2.141s] GC(1)   Post Evacuate Collection Set: 1.0ms
[2024-03-16T22:38:05.918+0000][2.141s] GC(1)   Other: 0.8ms
[2024-03-16T22:38:05.918+0000][2.141s] GC(1) Eden regions: 55->0(64)
[2024-03-16T22:38:05.919+0000][2.142s] GC(1) Survivor regions: 4->8(8)
[2024-03-16T22:38:05.919+0000][2.142s] GC(1) Old regions: 1->10
[2024-03-16T22:38:05.919+0000][2.142s] GC(1) Archive regions: 2->2
[2024-03-16T22:38:05.920+0000][2.142s] GC(1) Humongous regions: 4->4
[2024-03-16T22:38:05.920+0000][2.143s] GC(1) Metaspace: 17869K(18112K)->17869K(18112K) NonClass: 15662K(15808K)->15662K(15808K) Class: 2207K(2304K)->2207K(2304K)
[2024-03-16T22:38:05.920+0000][2.143s] GC(1) Pause Young (Normal) (G1 Evacuation Pause) 64M->21M(512M) 11.562ms
[2024-03-16T22:38:05.920+0000][2.143s] GC(1) User=0.07s Sys=0.00s Real=0.01s
[2024-03-16T22:38:06.448+0000][2.671s] GC(2) Pause Young (Concurrent Start) (Metadata GC Threshold)
[2024-03-16T22:38:06.448+0000][2.671s] GC(2) Using 10 workers of 10 for evacuation
[2024-03-16T22:38:06.454+0000][2.677s] GC(2)   Pre Evacuate Collection Set: 0.3ms
[2024-03-16T22:38:06.455+0000][2.677s] GC(2)   Merge Heap Roots: 0.2ms
[2024-03-16T22:38:06.455+0000][2.678s] GC(2)   Evacuate Collection Set: 4.2ms
[2024-03-16T22:38:06.455+0000][2.678s] GC(2)   Post Evacuate Collection Set: 0.9ms
[2024-03-16T22:38:06.455+0000][2.678s] GC(2)   Other: 1.0ms
[2024-03-16T22:38:06.456+0000][2.679s] GC(2) Eden regions: 30->0(74)
[2024-03-16T22:38:06.456+0000][2.679s] GC(2) Survivor regions: 8->2(9)
[2024-03-16T22:38:06.456+0000][2.679s] GC(2) Old regions: 10->18
[2024-03-16T22:38:06.456+0000][2.679s] GC(2) Archive regions: 2->2
[2024-03-16T22:38:06.456+0000][2.679s] GC(2) Humongous regions: 4->4
[2024-03-16T22:38:06.457+0000][2.680s] GC(2) Metaspace: 21215K(21504K)->21215K(21504K) NonClass: 18601K(18752K)->18601K(18752K) Class: 2613K(2752K)->2613K(2752K)
[2024-03-16T22:38:06.457+0000][2.680s] GC(2) Pause Young (Concurrent Start) (Metadata GC Threshold) 51M->24M(512M) 9.081ms
[2024-03-16T22:38:06.457+0000][2.680s] GC(2) User=0.03s Sys=0.02s Real=0.01s
[2024-03-16T22:38:06.457+0000][2.680s] GC(3) Concurrent Mark Cycle
[2024-03-16T22:38:06.457+0000][2.680s] GC(3) Concurrent Clear Claimed Marks
[2024-03-16T22:38:06.457+0000][2.680s] GC(3) Concurrent Clear Claimed Marks 0.188ms
[2024-03-16T22:38:06.458+0000][2.681s] GC(3) Concurrent Scan Root Regions
[2024-03-16T22:38:06.460+0000][2.683s] GC(3) Concurrent Scan Root Regions 2.041ms
[2024-03-16T22:38:06.460+0000][2.683s] GC(3) Concurrent Mark
[2024-03-16T22:38:06.460+0000][2.683s] GC(3) Concurrent Mark From Roots
[2024-03-16T22:38:06.460+0000][2.683s] GC(3) Using 3 workers of 3 for marking
[2024-03-16T22:38:06.467+0000][2.690s] GC(3) Concurrent Mark From Roots 6.534ms
[2024-03-16T22:38:06.467+0000][2.690s] GC(3) Concurrent Preclean
[2024-03-16T22:38:06.467+0000][2.690s] GC(3) Concurrent Preclean 0.352ms
[2024-03-16T22:38:06.468+0000][2.691s] GC(3) Pause Remark
[2024-03-16T22:38:06.470+0000][2.693s] GC(3) Pause Remark 25M->25M(512M) 2.546ms
[2024-03-16T22:38:06.471+0000][2.694s] GC(3) User=0.01s Sys=0.00s Real=0.00s
[2024-03-16T22:38:06.471+0000][2.694s] GC(3) Concurrent Mark 11.116ms
[2024-03-16T22:38:06.471+0000][2.694s] GC(3) Concurrent Rebuild Remembered Sets
[2024-03-16T22:38:06.475+0000][2.698s] GC(3) Concurrent Rebuild Remembered Sets 4.096ms
[2024-03-16T22:38:06.476+0000][2.699s] GC(3) Pause Cleanup
[2024-03-16T22:38:06.477+0000][2.700s] GC(3) Pause Cleanup 26M->26M(512M) 0.840ms
[2024-03-16T22:38:06.477+0000][2.700s] GC(3) User=0.01s Sys=0.00s Real=0.00s
[2024-03-16T22:38:06.478+0000][2.701s] GC(3) Concurrent Cleanup for Next Mark
[2024-03-16T22:38:06.479+0000][2.702s] GC(3) Concurrent Cleanup for Next Mark 0.826ms
[2024-03-16T22:38:06.479+0000][2.702s] GC(3) Concurrent Mark Cycle 22.096ms
[2024-03-16T22:38:07.738+0000][3.960s] GC(4) Pause Young (Prepare Mixed) (G1 Evacuation Pause)
[2024-03-16T22:38:07.738+0000][3.961s] GC(4) Using 10 workers of 10 for evacuation
[2024-03-16T22:38:07.744+0000][3.967s] GC(4)   Pre Evacuate Collection Set: 0.2ms
[2024-03-16T22:38:07.744+0000][3.967s] GC(4)   Merge Heap Roots: 0.2ms
[2024-03-16T22:38:07.744+0000][3.967s] GC(4)   Evacuate Collection Set: 3.7ms
[2024-03-16T22:38:07.745+0000][3.968s] GC(4)   Post Evacuate Collection Set: 1.6ms
[2024-03-16T22:38:07.745+0000][3.968s] GC(4)   Other: 0.6ms
[2024-03-16T22:38:07.745+0000][3.968s] GC(4) Eden regions: 74->0(18)
[2024-03-16T22:38:07.745+0000][3.968s] GC(4) Survivor regions: 2->7(10)
[2024-03-16T22:38:07.746+0000][3.969s] GC(4) Old regions: 18->18
[2024-03-16T22:38:07.746+0000][3.969s] GC(4) Archive regions: 2->2
[2024-03-16T22:38:07.746+0000][3.969s] GC(4) Humongous regions: 4->4
[2024-03-16T22:38:07.746+0000][3.969s] GC(4) Metaspace: 33439K(33792K)->33439K(33792K) NonClass: 29275K(29440K)->29275K(29440K) Class: 4163K(4352K)->4163K(4352K)
[2024-03-16T22:38:07.747+0000][3.969s] GC(4) Pause Young (Prepare Mixed) (G1 Evacuation Pause) 98M->28M(512M) 9.098ms
[2024-03-16T22:38:07.747+0000][3.970s] GC(4) User=0.05s Sys=0.02s Real=0.01s
[2024-03-16T22:38:08.097+0000][4.320s] GC(5) Pause Young (Mixed) (G1 Evacuation Pause)
[2024-03-16T22:38:08.097+0000][4.320s] GC(5) Using 10 workers of 10 for evacuation
[2024-03-16T22:38:08.103+0000][4.326s] GC(5)   Pre Evacuate Collection Set: 0.2ms
[2024-03-16T22:38:08.104+0000][4.327s] GC(5)   Merge Heap Roots: 0.3ms
[2024-03-16T22:38:08.104+0000][4.327s] GC(5)   Evacuate Collection Set: 4.0ms
[2024-03-16T22:38:08.105+0000][4.327s] GC(5)   Post Evacuate Collection Set: 1.0ms
[2024-03-16T22:38:08.105+0000][4.328s] GC(5)   Other: 1.1ms
[2024-03-16T22:38:08.105+0000][4.328s] GC(5) Eden regions: 18->0(305)
[2024-03-16T22:38:08.106+0000][4.329s] GC(5) Survivor regions: 7->2(4)
[2024-03-16T22:38:08.106+0000][4.329s] GC(5) Old regions: 18->24
[2024-03-16T22:38:08.107+0000][4.329s] GC(5) Archive regions: 2->2
[2024-03-16T22:38:08.107+0000][4.330s] GC(5) Humongous regions: 4->4
[2024-03-16T22:38:08.107+0000][4.330s] GC(5) Metaspace: 35673K(36032K)->35673K(36032K) NonClass: 31191K(31360K)->31191K(31360K) Class: 4481K(4672K)->4481K(4672K)
[2024-03-16T22:38:08.107+0000][4.330s] GC(5) Pause Young (Mixed) (G1 Evacuation Pause) 46M->30M(512M) 10.635ms
[2024-03-16T22:38:08.108+0000][4.331s] GC(5) User=0.03s Sys=0.02s Real=0.01s
[2024-03-16T22:38:08.117+0000][4.340s] GC(6) Pause Young (Concurrent Start) (Metadata GC Threshold)
[2024-03-16T22:38:08.118+0000][4.340s] GC(6) Using 10 workers of 10 for evacuation
[2024-03-16T22:38:08.121+0000][4.344s] GC(6)   Pre Evacuate Collection Set: 0.3ms
[2024-03-16T22:38:08.121+0000][4.344s] GC(6)   Merge Heap Roots: 0.2ms
[2024-03-16T22:38:08.122+0000][4.345s] GC(6)   Evacuate Collection Set: 1.5ms
[2024-03-16T22:38:08.122+0000][4.345s] GC(6)   Post Evacuate Collection Set: 0.7ms
[2024-03-16T22:38:08.122+0000][4.345s] GC(6)   Other: 0.9ms
[2024-03-16T22:38:08.123+0000][4.346s] GC(6) Eden regions: 2->0(305)
[2024-03-16T22:38:08.123+0000][4.346s] GC(6) Survivor regions: 2->2(39)
[2024-03-16T22:38:08.124+0000][4.346s] GC(6) Old regions: 24->24
[2024-03-16T22:38:08.124+0000][4.347s] GC(6) Archive regions: 2->2
[2024-03-16T22:38:08.124+0000][4.347s] GC(6) Humongous regions: 4->4
[2024-03-16T22:38:08.125+0000][4.347s] GC(6) Metaspace: 35766K(36160K)->35766K(36160K) NonClass: 31272K(31424K)->31272K(31424K) Class: 4493K(4736K)->4493K(4736K)
[2024-03-16T22:38:08.125+0000][4.348s] GC(6) Pause Young (Concurrent Start) (Metadata GC Threshold) 31M->29M(512M) 7.791ms
[2024-03-16T22:38:08.125+0000][4.348s] GC(6) User=0.02s Sys=0.00s Real=0.01s
[2024-03-16T22:38:08.126+0000][4.349s] GC(7) Concurrent Mark Cycle
[2024-03-16T22:38:08.126+0000][4.349s] GC(7) Concurrent Clear Claimed Marks
[2024-03-16T22:38:08.126+0000][4.349s] GC(7) Concurrent Clear Claimed Marks 0.368ms
[2024-03-16T22:38:08.127+0000][4.350s] GC(7) Concurrent Scan Root Regions
[2024-03-16T22:38:08.128+0000][4.351s] GC(7) Concurrent Scan Root Regions 1.304ms
[2024-03-16T22:38:08.128+0000][4.351s] GC(7) Concurrent Mark
[2024-03-16T22:38:08.129+0000][4.351s] GC(7) Concurrent Mark From Roots
[2024-03-16T22:38:08.129+0000][4.352s] GC(7) Using 3 workers of 3 for marking
[2024-03-16T22:38:08.144+0000][4.367s] GC(7) Concurrent Mark From Roots 15.795ms
[2024-03-16T22:38:08.145+0000][4.368s] GC(7) Concurrent Preclean
[2024-03-16T22:38:08.145+0000][4.368s] GC(7) Concurrent Preclean 0.523ms
[2024-03-16T22:38:08.146+0000][4.369s] GC(7) Pause Remark
[2024-03-16T22:38:08.149+0000][4.372s] GC(7) Pause Remark 32M->32M(512M) 3.113ms
[2024-03-16T22:38:08.149+0000][4.372s] GC(7) User=0.01s Sys=0.00s Real=0.00s
[2024-03-16T22:38:08.150+0000][4.373s] GC(7) Concurrent Mark 21.399ms
[2024-03-16T22:38:08.150+0000][4.373s] GC(7) Concurrent Rebuild Remembered Sets
[2024-03-16T22:38:08.156+0000][4.379s] GC(7) Concurrent Rebuild Remembered Sets 6.074ms
[2024-03-16T22:38:08.157+0000][4.380s] GC(7) Pause Cleanup
[2024-03-16T22:38:08.157+0000][4.380s] GC(7) Pause Cleanup 33M->33M(512M) 0.647ms
[2024-03-16T22:38:08.158+0000][4.381s] GC(7) User=0.00s Sys=0.00s Real=0.00s
[2024-03-16T22:38:08.158+0000][4.381s] GC(7) Concurrent Cleanup for Next Mark
[2024-03-16T22:38:08.159+0000][4.382s] GC(7) Concurrent Cleanup for Next Mark 0.825ms
[2024-03-16T22:38:08.160+0000][4.383s] GC(7) Concurrent Mark Cycle 33.972ms
[2024-03-16T22:42:14.013+0000][250.263s] GC(8) Pause Young (Concurrent Start) (G1 Evacuation Pause)
[2024-03-16T22:42:14.013+0000][250.263s] GC(8) Using 10 workers of 10 for evacuation
[2024-03-16T22:42:14.029+0000][250.279s] GC(8)   Pre Evacuate Collection Set: 0.6ms
[2024-03-16T22:42:14.030+0000][250.280s] GC(8)   Merge Heap Roots: 0.3ms
[2024-03-16T22:42:14.030+0000][250.280s] GC(8)   Evacuate Collection Set: 12.3ms
[2024-03-16T22:42:14.030+0000][250.281s] GC(8)   Post Evacuate Collection Set: 2.0ms
[2024-03-16T22:42:14.031+0000][250.281s] GC(8)   Other: 1.3ms
[2024-03-16T22:42:14.031+0000][250.282s] GC(8) Eden regions: 305->0(286)
[2024-03-16T22:42:14.032+0000][250.282s] GC(8) Survivor regions: 2->21(39)
[2024-03-16T22:42:14.032+0000][250.282s] GC(8) Old regions: 24->24
[2024-03-16T22:42:14.032+0000][250.283s] GC(8) Archive regions: 2->2
[2024-03-16T22:42:14.033+0000][250.283s] GC(8) Humongous regions: 4->4
[2024-03-16T22:42:14.033+0000][250.283s] GC(8) Metaspace: 56876K(57408K)->56876K(57408K) NonClass: 49576K(49856K)->49576K(49856K) Class: 7300K(7552K)->7300K(7552K)
[2024-03-16T22:42:14.034+0000][250.284s] GC(8) Pause Young (Concurrent Start) (G1 Evacuation Pause) 334M->48M(512M) 20.823ms
[2024-03-16T22:42:14.034+0000][250.284s] GC(8) User=0.15s Sys=0.00s Real=0.02s
[2024-03-16T22:42:14.034+0000][250.284s] GC(9) Concurrent Mark Cycle
[2024-03-16T22:42:14.035+0000][250.285s] GC(9) Concurrent Clear Claimed Marks
[2024-03-16T22:42:14.035+0000][250.285s] GC(9) Concurrent Clear Claimed Marks 0.443ms
[2024-03-16T22:42:14.035+0000][250.286s] GC(9) Concurrent Scan Root Regions
[2024-03-16T22:42:14.048+0000][250.298s] GC(9) Concurrent Scan Root Regions 12.524ms
[2024-03-16T22:42:14.048+0000][250.299s] GC(9) Concurrent Mark
[2024-03-16T22:42:14.049+0000][250.299s] GC(9) Concurrent Mark From Roots
[2024-03-16T22:42:14.049+0000][250.299s] GC(9) Using 3 workers of 3 for marking
[2024-03-16T22:42:14.070+0000][250.321s] GC(9) Concurrent Mark From Roots 21.759ms
[2024-03-16T22:42:14.071+0000][250.321s] GC(9) Concurrent Preclean
[2024-03-16T22:42:14.071+0000][250.322s] GC(9) Concurrent Preclean 0.506ms
[2024-03-16T22:42:14.072+0000][250.322s] GC(9) Pause Remark
[2024-03-16T22:42:14.078+0000][250.328s] GC(9) Pause Remark 50M->50M(512M) 5.735ms
[2024-03-16T22:42:14.078+0000][250.328s] GC(9) User=0.04s Sys=0.00s Real=0.01s
[2024-03-16T22:42:14.079+0000][250.329s] GC(9) Concurrent Mark 30.273ms
[2024-03-16T22:42:14.079+0000][250.329s] GC(9) Concurrent Rebuild Remembered Sets
[2024-03-16T22:42:14.086+0000][250.337s] GC(9) Concurrent Rebuild Remembered Sets 7.260ms
[2024-03-16T22:42:14.087+0000][250.337s] GC(9) Pause Cleanup
[2024-03-16T22:42:14.087+0000][250.338s] GC(9) Pause Cleanup 50M->50M(512M) 0.512ms
[2024-03-16T22:42:14.088+0000][250.338s] GC(9) User=0.00s Sys=0.00s Real=0.00s
[2024-03-16T22:42:14.088+0000][250.338s] GC(9) Concurrent Cleanup for Next Mark
[2024-03-16T22:42:14.089+0000][250.339s] GC(9) Concurrent Cleanup for Next Mark 0.788ms
[2024-03-16T22:42:14.089+0000][250.339s] GC(9) Concurrent Mark Cycle 54.900ms
