[2024-03-16T09:28:10.217+0000][0.042s] Using G1
[2024-03-16T09:28:10.331+0000][0.156s] Version: 17.0.10+7 (release)
[2024-03-16T09:28:10.332+0000][0.157s] CPUs: 12 total, 12 available
[2024-03-16T09:28:10.332+0000][0.157s] Memory: 12660M
[2024-03-16T09:28:10.332+0000][0.157s] Large Page Support: Disabled
[2024-03-16T09:28:10.333+0000][0.158s] NUMA Support: Disabled
[2024-03-16T09:28:10.333+0000][0.158s] Compressed Oops: Enabled (32-bit)
[2024-03-16T09:28:10.333+0000][0.159s] Heap Region Size: 1M
[2024-03-16T09:28:10.334+0000][0.159s] Heap Min Capacity: 512M
[2024-03-16T09:28:10.334+0000][0.159s] Heap Initial Capacity: 512M
[2024-03-16T09:28:10.334+0000][0.159s] Heap Max Capacity: 512M
[2024-03-16T09:28:10.335+0000][0.160s] Pre-touch: Enabled
[2024-03-16T09:28:10.335+0000][0.160s] Parallel Workers: 10
[2024-03-16T09:28:10.335+0000][0.160s] Concurrent Workers: 3
[2024-03-16T09:28:10.335+0000][0.160s] Concurrent Refinement Workers: 10
[2024-03-16T09:28:10.335+0000][0.160s] Periodic GC: Disabled
[2024-03-16T09:28:10.344+0000][0.169s] CDS archive(s) mapped at: [0x00007f453b000000-0x00007f453ba5f000-0x00007f453ba5f000), size 10874880, SharedBaseAddress: 0x00007f453b000000, ArchiveRelocationMode: 1.
[2024-03-16T09:28:10.344+0000][0.169s] Compressed class space mapped at: 0x00007f453c000000-0x00007f457c000000, reserved size: 1073741824
[2024-03-16T09:28:10.344+0000][0.169s] Narrow klass base: 0x00007f453b000000, Narrow klass shift: 0, Narrow klass range: 0x100000000
[2024-03-16T09:28:12.010+0000][1.835s] GC(0) Pause Young (Normal) (G1 Evacuation Pause)
[2024-03-16T09:28:12.024+0000][1.849s] GC(0) Using 10 workers of 10 for evacuation
[2024-03-16T09:28:12.029+0000][1.854s] GC(0)   Pre Evacuate Collection Set: 0.3ms
[2024-03-16T09:28:12.029+0000][1.854s] GC(0)   Merge Heap Roots: 0.3ms
[2024-03-16T09:28:12.030+0000][1.855s] GC(0)   Evacuate Collection Set: 3.2ms
[2024-03-16T09:28:12.030+0000][1.855s] GC(0)   Post Evacuate Collection Set: 0.8ms
[2024-03-16T09:28:12.030+0000][1.855s] GC(0)   Other: 14.2ms
[2024-03-16T09:28:12.030+0000][1.855s] GC(0) Eden regions: 29->0(57)
[2024-03-16T09:28:12.030+0000][1.855s] GC(0) Survivor regions: 0->4(4)
[2024-03-16T09:28:12.030+0000][1.855s] GC(0) Old regions: 0->1
[2024-03-16T09:28:12.031+0000][1.856s] GC(0) Archive regions: 2->2
[2024-03-16T09:28:12.031+0000][1.856s] GC(0) Humongous regions: 0->0
[2024-03-16T09:28:12.031+0000][1.856s] GC(0) Metaspace: 10119K(10432K)->10119K(10432K) NonClass: 8861K(9024K)->8861K(9024K) Class: 1258K(1408K)->1258K(1408K)
[2024-03-16T09:28:12.031+0000][1.856s] GC(0) Pause Young (Normal) (G1 Evacuation Pause) 29M->5M(512M) 20.723ms
[2024-03-16T09:28:12.031+0000][1.856s] GC(0) User=0.04s Sys=0.01s Real=0.02s
[2024-03-16T09:28:13.293+0000][3.118s] GC(1) Pause Young (Normal) (G1 Evacuation Pause)
[2024-03-16T09:28:13.293+0000][3.118s] GC(1) Using 10 workers of 10 for evacuation
[2024-03-16T09:28:13.307+0000][3.132s] GC(1)   Pre Evacuate Collection Set: 0.4ms
[2024-03-16T09:28:13.307+0000][3.132s] GC(1)   Merge Heap Roots: 0.2ms
[2024-03-16T09:28:13.308+0000][3.133s] GC(1)   Evacuate Collection Set: 11.9ms
[2024-03-16T09:28:13.308+0000][3.133s] GC(1)   Post Evacuate Collection Set: 1.3ms
[2024-03-16T09:28:13.308+0000][3.133s] GC(1)   Other: 0.7ms
[2024-03-16T09:28:13.308+0000][3.133s] GC(1) Eden regions: 57->0(66)
[2024-03-16T09:28:13.308+0000][3.133s] GC(1) Survivor regions: 4->8(8)
[2024-03-16T09:28:13.308+0000][3.134s] GC(1) Old regions: 1->10
[2024-03-16T09:28:13.309+0000][3.134s] GC(1) Archive regions: 2->2
[2024-03-16T09:28:13.309+0000][3.134s] GC(1) Humongous regions: 4->4
[2024-03-16T09:28:13.309+0000][3.134s] GC(1) Metaspace: 17915K(18112K)->17915K(18112K) NonClass: 15700K(15808K)->15700K(15808K) Class: 2215K(2304K)->2215K(2304K)
[2024-03-16T09:28:13.309+0000][3.134s] GC(1) Pause Young (Normal) (G1 Evacuation Pause) 66M->21M(512M) 16.657ms
[2024-03-16T09:28:13.309+0000][3.135s] GC(1) User=0.11s Sys=0.01s Real=0.01s
[2024-03-16T09:28:14.053+0000][3.878s] GC(2) Pause Young (Concurrent Start) (Metadata GC Threshold)
[2024-03-16T09:28:14.053+0000][3.878s] GC(2) Using 10 workers of 10 for evacuation
[2024-03-16T09:28:14.062+0000][3.887s] GC(2)   Pre Evacuate Collection Set: 0.4ms
[2024-03-16T09:28:14.062+0000][3.887s] GC(2)   Merge Heap Roots: 0.2ms
[2024-03-16T09:28:14.062+0000][3.887s] GC(2)   Evacuate Collection Set: 6.2ms
[2024-03-16T09:28:14.062+0000][3.887s] GC(2)   Post Evacuate Collection Set: 1.1ms
[2024-03-16T09:28:14.063+0000][3.888s] GC(2)   Other: 1.2ms
[2024-03-16T09:28:14.063+0000][3.888s] GC(2) Eden regions: 28->0(77)
[2024-03-16T09:28:14.063+0000][3.888s] GC(2) Survivor regions: 8->2(9)
[2024-03-16T09:28:14.063+0000][3.888s] GC(2) Old regions: 10->18
[2024-03-16T09:28:14.063+0000][3.888s] GC(2) Archive regions: 2->2
[2024-03-16T09:28:14.064+0000][3.889s] GC(2) Humongous regions: 4->4
[2024-03-16T09:28:14.064+0000][3.889s] GC(2) Metaspace: 21161K(21504K)->21161K(21504K) NonClass: 18543K(18688K)->18543K(18688K) Class: 2617K(2816K)->2617K(2816K)
[2024-03-16T09:28:14.064+0000][3.889s] GC(2) Pause Young (Concurrent Start) (Metadata GC Threshold) 49M->24M(512M) 11.276ms
[2024-03-16T09:28:14.064+0000][3.889s] GC(2) User=0.04s Sys=0.01s Real=0.01s
[2024-03-16T09:28:14.064+0000][3.889s] GC(3) Concurrent Mark Cycle
[2024-03-16T09:28:14.064+0000][3.889s] GC(3) Concurrent Clear Claimed Marks
[2024-03-16T09:28:14.065+0000][3.890s] GC(3) Concurrent Clear Claimed Marks 0.239ms
[2024-03-16T09:28:14.065+0000][3.890s] GC(3) Concurrent Scan Root Regions
[2024-03-16T09:28:14.074+0000][3.899s] GC(3) Concurrent Scan Root Regions 9.398ms
[2024-03-16T09:28:14.075+0000][3.900s] GC(3) Concurrent Mark
[2024-03-16T09:28:14.076+0000][3.901s] GC(3) Concurrent Mark From Roots
[2024-03-16T09:28:14.076+0000][3.901s] GC(3) Using 3 workers of 3 for marking
[2024-03-16T09:28:14.086+0000][3.911s] GC(3) Concurrent Mark From Roots 10.848ms
[2024-03-16T09:28:14.087+0000][3.912s] GC(3) Concurrent Preclean
[2024-03-16T09:28:14.087+0000][3.912s] GC(3) Concurrent Preclean 0.476ms
[2024-03-16T09:28:14.088+0000][3.913s] GC(3) Pause Remark
[2024-03-16T09:28:14.091+0000][3.916s] GC(3) Pause Remark 25M->25M(512M) 3.573ms
[2024-03-16T09:28:14.092+0000][3.917s] GC(3) User=0.01s Sys=0.00s Real=0.00s
[2024-03-16T09:28:14.092+0000][3.917s] GC(3) Concurrent Mark 16.902ms
[2024-03-16T09:28:14.092+0000][3.917s] GC(3) Concurrent Rebuild Remembered Sets
[2024-03-16T09:28:14.092+0000][3.917s] GC(3) Concurrent Rebuild Remembered Sets 0.173ms
[2024-03-16T09:28:14.093+0000][3.918s] GC(3) Pause Cleanup
[2024-03-16T09:28:14.093+0000][3.918s] GC(3) Pause Cleanup 25M->25M(512M) 0.214ms
[2024-03-16T09:28:14.093+0000][3.918s] GC(3) User=0.00s Sys=0.00s Real=0.00s
[2024-03-16T09:28:14.094+0000][3.919s] GC(3) Concurrent Cleanup for Next Mark
[2024-03-16T09:28:14.094+0000][3.920s] GC(3) Concurrent Cleanup for Next Mark 0.782ms
[2024-03-16T09:28:14.095+0000][3.921s] GC(3) Concurrent Mark Cycle 31.258ms
[2024-03-16T09:28:16.019+0000][5.844s] GC(4) Pause Young (Normal) (G1 Evacuation Pause)
[2024-03-16T09:28:16.019+0000][5.845s] GC(4) Using 10 workers of 10 for evacuation
[2024-03-16T09:28:16.027+0000][5.852s] GC(4)   Pre Evacuate Collection Set: 0.3ms
[2024-03-16T09:28:16.028+0000][5.853s] GC(4)   Merge Heap Roots: 0.2ms
[2024-03-16T09:28:16.028+0000][5.853s] GC(4)   Evacuate Collection Set: 5.5ms
[2024-03-16T09:28:16.028+0000][5.853s] GC(4)   Post Evacuate Collection Set: 1.5ms
[2024-03-16T09:28:16.028+0000][5.853s] GC(4)   Other: 0.9ms
[2024-03-16T09:28:16.028+0000][5.853s] GC(4) Eden regions: 77->0(301)
[2024-03-16T09:28:16.029+0000][5.854s] GC(4) Survivor regions: 2->6(10)
[2024-03-16T09:28:16.029+0000][5.854s] GC(4) Old regions: 18->18
[2024-03-16T09:28:16.029+0000][5.854s] GC(4) Archive regions: 2->2
[2024-03-16T09:28:16.029+0000][5.854s] GC(4) Humongous regions: 4->4
[2024-03-16T09:28:16.029+0000][5.854s] GC(4) Metaspace: 33882K(34240K)->33882K(34240K) NonClass: 29646K(29824K)->29646K(29824K) Class: 4236K(4416K)->4236K(4416K)
[2024-03-16T09:28:16.029+0000][5.855s] GC(4) Pause Young (Normal) (G1 Evacuation Pause) 101M->28M(512M) 10.497ms
[2024-03-16T09:28:16.030+0000][5.855s] GC(4) User=0.04s Sys=0.00s Real=0.01s
[2024-03-16T09:28:16.609+0000][6.434s] GC(5) Pause Young (Concurrent Start) (Metadata GC Threshold)
[2024-03-16T09:28:16.610+0000][6.435s] GC(5) Using 10 workers of 10 for evacuation
[2024-03-16T09:28:16.619+0000][6.444s] GC(5)   Pre Evacuate Collection Set: 0.3ms
[2024-03-16T09:28:16.619+0000][6.444s] GC(5)   Merge Heap Roots: 0.2ms
[2024-03-16T09:28:16.620+0000][6.445s] GC(5)   Evacuate Collection Set: 7.1ms
[2024-03-16T09:28:16.620+0000][6.445s] GC(5)   Post Evacuate Collection Set: 1.3ms
[2024-03-16T09:28:16.620+0000][6.445s] GC(5)   Other: 1.2ms
[2024-03-16T09:28:16.621+0000][6.446s] GC(5) Eden regions: 17->0(299)
[2024-03-16T09:28:16.621+0000][6.446s] GC(5) Survivor regions: 6->8(39)
[2024-03-16T09:28:16.621+0000][6.446s] GC(5) Old regions: 18->18
[2024-03-16T09:28:16.621+0000][6.446s] GC(5) Archive regions: 2->2
[2024-03-16T09:28:16.621+0000][6.446s] GC(5) Humongous regions: 4->4
[2024-03-16T09:28:16.622+0000][6.447s] GC(5) Metaspace: 35739K(36096K)->35739K(36096K) NonClass: 31254K(31424K)->31254K(31424K) Class: 4484K(4672K)->4484K(4672K)
[2024-03-16T09:28:16.622+0000][6.447s] GC(5) Pause Young (Concurrent Start) (Metadata GC Threshold) 45M->30M(512M) 13.524ms
[2024-03-16T09:28:16.623+0000][6.448s] GC(5) User=0.08s Sys=0.00s Real=0.02s
[2024-03-16T09:28:16.623+0000][6.448s] GC(6) Concurrent Mark Cycle
[2024-03-16T09:28:16.623+0000][6.448s] GC(6) Concurrent Clear Claimed Marks
[2024-03-16T09:28:16.624+0000][6.449s] GC(6) Concurrent Clear Claimed Marks 0.408ms
[2024-03-16T09:28:16.624+0000][6.449s] GC(6) Concurrent Scan Root Regions
[2024-03-16T09:28:16.628+0000][6.453s] GC(6) Concurrent Scan Root Regions 4.377ms
[2024-03-16T09:28:16.629+0000][6.454s] GC(6) Concurrent Mark
[2024-03-16T09:28:16.630+0000][6.455s] GC(6) Concurrent Mark From Roots
[2024-03-16T09:28:16.631+0000][6.456s] GC(6) Using 3 workers of 3 for marking
[2024-03-16T09:28:16.649+0000][6.474s] GC(6) Concurrent Mark From Roots 19.005ms
[2024-03-16T09:28:16.650+0000][6.475s] GC(6) Concurrent Preclean
[2024-03-16T09:28:16.651+0000][6.476s] GC(6) Concurrent Preclean 1.188ms
[2024-03-16T09:28:16.654+0000][6.479s] GC(6) Pause Remark
[2024-03-16T09:28:16.660+0000][6.485s] GC(6) Pause Remark 31M->31M(512M) 6.127ms
[2024-03-16T09:28:16.660+0000][6.485s] GC(6) User=0.02s Sys=0.00s Real=0.00s
[2024-03-16T09:28:16.661+0000][6.486s] GC(6) Concurrent Mark 31.471ms
[2024-03-16T09:28:16.661+0000][6.486s] GC(6) Concurrent Rebuild Remembered Sets
[2024-03-16T09:28:16.669+0000][6.494s] GC(6) Concurrent Rebuild Remembered Sets 8.264ms
[2024-03-16T09:28:16.672+0000][6.497s] GC(6) Pause Cleanup
[2024-03-16T09:28:16.673+0000][6.498s] GC(6) Pause Cleanup 32M->32M(512M) 0.620ms
[2024-03-16T09:28:16.673+0000][6.498s] GC(6) User=0.00s Sys=0.00s Real=0.00s
[2024-03-16T09:28:16.674+0000][6.499s] GC(6) Concurrent Cleanup for Next Mark
[2024-03-16T09:28:16.675+0000][6.500s] GC(6) Concurrent Cleanup for Next Mark 1.299ms
[2024-03-16T09:28:16.676+0000][6.501s] GC(6) Concurrent Mark Cycle 52.731ms
[2024-03-16T09:29:01.502+0000][51.327s] Heap
[2024-03-16T09:29:01.502+0000][51.327s]  garbage-first heap   total 524288K, used 201252K [0x00000000e0000000, 0x0000000100000000)
[2024-03-16T09:29:01.503+0000][51.328s]   region size 1024K, 175 young (179200K), 8 survivors (8192K)
[2024-03-16T09:29:01.503+0000][51.328s]  Metaspace       used 51941K, committed 52416K, reserved 1114112K
[2024-03-16T09:29:01.503+0000][51.328s]   class space    used 6722K, committed 6976K, reserved 1048576K
