[2024-03-16T09:39:16.903+0000][0.110s] Using G1
[2024-03-16T09:39:17.009+0000][0.216s] Version: 17.0.10+7 (release)
[2024-03-16T09:39:17.010+0000][0.216s] CPUs: 12 total, 12 available
[2024-03-16T09:39:17.011+0000][0.217s] Memory: 12660M
[2024-03-16T09:39:17.011+0000][0.217s] Large Page Support: Disabled
[2024-03-16T09:39:17.012+0000][0.218s] NUMA Support: Disabled
[2024-03-16T09:39:17.012+0000][0.218s] Compressed Oops: Enabled (32-bit)
[2024-03-16T09:39:17.013+0000][0.219s] Heap Region Size: 1M
[2024-03-16T09:39:17.013+0000][0.219s] Heap Min Capacity: 512M
[2024-03-16T09:39:17.013+0000][0.220s] Heap Initial Capacity: 512M
[2024-03-16T09:39:17.014+0000][0.220s] Heap Max Capacity: 512M
[2024-03-16T09:39:17.014+0000][0.221s] Pre-touch: Enabled
[2024-03-16T09:39:17.015+0000][0.221s] Parallel Workers: 10
[2024-03-16T09:39:17.015+0000][0.221s] Concurrent Workers: 3
[2024-03-16T09:39:17.015+0000][0.221s] Concurrent Refinement Workers: 10
[2024-03-16T09:39:17.015+0000][0.222s] Periodic GC: Disabled
[2024-03-16T09:39:17.025+0000][0.232s] CDS archive(s) mapped at: [0x00007f575f000000-0x00007f575fa5f000-0x00007f575fa5f000), size 10874880, SharedBaseAddress: 0x00007f575f000000, ArchiveRelocationMode: 1.
[2024-03-16T09:39:17.026+0000][0.232s] Compressed class space mapped at: 0x00007f5760000000-0x00007f57a0000000, reserved size: 1073741824
[2024-03-16T09:39:17.026+0000][0.232s] Narrow klass base: 0x00007f575f000000, Narrow klass shift: 0, Narrow klass range: 0x100000000
[2024-03-16T09:39:19.662+0000][2.868s] GC(0) Pause Young (Normal) (G1 Evacuation Pause)
[2024-03-16T09:39:19.664+0000][2.870s] GC(0) Using 10 workers of 10 for evacuation
[2024-03-16T09:39:19.672+0000][2.879s] GC(0)   Pre Evacuate Collection Set: 0.3ms
[2024-03-16T09:39:19.673+0000][2.879s] GC(0)   Merge Heap Roots: 0.1ms
[2024-03-16T09:39:19.673+0000][2.879s] GC(0)   Evacuate Collection Set: 5.9ms
[2024-03-16T09:39:19.673+0000][2.879s] GC(0)   Post Evacuate Collection Set: 1.4ms
[2024-03-16T09:39:19.673+0000][2.880s] GC(0)   Other: 2.7ms
[2024-03-16T09:39:19.674+0000][2.880s] GC(0) Eden regions: 29->0(57)
[2024-03-16T09:39:19.674+0000][2.880s] GC(0) Survivor regions: 0->4(4)
[2024-03-16T09:39:19.674+0000][2.880s] GC(0) Old regions: 0->1
[2024-03-16T09:39:19.674+0000][2.881s] GC(0) Archive regions: 2->2
[2024-03-16T09:39:19.675+0000][2.881s] GC(0) Humongous regions: 0->0
[2024-03-16T09:39:19.675+0000][2.881s] GC(0) Metaspace: 9980K(10240K)->9980K(10240K) NonClass: 8739K(8832K)->8739K(8832K) Class: 1240K(1408K)->1240K(1408K)
[2024-03-16T09:39:19.675+0000][2.881s] GC(0) Pause Young (Normal) (G1 Evacuation Pause) 29M->5M(512M) 13.209ms
[2024-03-16T09:39:19.675+0000][2.882s] GC(0) User=0.07s Sys=0.00s Real=0.02s
[2024-03-16T09:39:21.314+0000][4.520s] GC(1) Pause Young (Normal) (G1 Evacuation Pause)
[2024-03-16T09:39:21.314+0000][4.521s] GC(1) Using 10 workers of 10 for evacuation
[2024-03-16T09:39:21.331+0000][4.537s] GC(1)   Pre Evacuate Collection Set: 0.3ms
[2024-03-16T09:39:21.331+0000][4.537s] GC(1)   Merge Heap Roots: 0.4ms
[2024-03-16T09:39:21.332+0000][4.538s] GC(1)   Evacuate Collection Set: 12.6ms
[2024-03-16T09:39:21.332+0000][4.538s] GC(1)   Post Evacuate Collection Set: 2.8ms
[2024-03-16T09:39:21.332+0000][4.539s] GC(1)   Other: 0.9ms
[2024-03-16T09:39:21.333+0000][4.539s] GC(1) Eden regions: 57->0(65)
[2024-03-16T09:39:21.333+0000][4.539s] GC(1) Survivor regions: 4->8(8)
[2024-03-16T09:39:21.345+0000][4.551s] GC(1) Old regions: 1->9
[2024-03-16T09:39:21.346+0000][4.552s] GC(1) Archive regions: 2->2
[2024-03-16T09:39:21.346+0000][4.552s] GC(1) Humongous regions: 4->4
[2024-03-16T09:39:21.347+0000][4.553s] GC(1) Metaspace: 17932K(18240K)->17932K(18240K) NonClass: 15717K(15936K)->15717K(15936K) Class: 2215K(2304K)->2215K(2304K)
[2024-03-16T09:39:21.347+0000][4.553s] GC(1) Pause Young (Normal) (G1 Evacuation Pause) 66M->21M(512M) 33.316ms
[2024-03-16T09:39:21.347+0000][4.554s] GC(1) User=0.08s Sys=0.04s Real=0.04s
[2024-03-16T09:39:22.327+0000][5.533s] GC(2) Pause Young (Concurrent Start) (Metadata GC Threshold)
[2024-03-16T09:39:22.327+0000][5.534s] GC(2) Using 10 workers of 10 for evacuation
[2024-03-16T09:39:22.338+0000][5.544s] GC(2)   Pre Evacuate Collection Set: 0.5ms
[2024-03-16T09:39:22.338+0000][5.544s] GC(2)   Merge Heap Roots: 0.3ms
[2024-03-16T09:39:22.338+0000][5.545s] GC(2)   Evacuate Collection Set: 7.9ms
[2024-03-16T09:39:22.339+0000][5.545s] GC(2)   Post Evacuate Collection Set: 1.1ms
[2024-03-16T09:39:22.339+0000][5.545s] GC(2)   Other: 1.1ms
[2024-03-16T09:39:22.339+0000][5.545s] GC(2) Eden regions: 29->0(84)
[2024-03-16T09:39:22.339+0000][5.545s] GC(2) Survivor regions: 8->2(9)
[2024-03-16T09:39:22.339+0000][5.546s] GC(2) Old regions: 9->18
[2024-03-16T09:39:22.339+0000][5.546s] GC(2) Archive regions: 2->2
[2024-03-16T09:39:22.340+0000][5.546s] GC(2) Humongous regions: 4->4
[2024-03-16T09:39:22.340+0000][5.546s] GC(2) Metaspace: 21169K(21504K)->21169K(21504K) NonClass: 18551K(18688K)->18551K(18688K) Class: 2617K(2816K)->2617K(2816K)
[2024-03-16T09:39:22.340+0000][5.546s] GC(2) Pause Young (Concurrent Start) (Metadata GC Threshold) 50M->24M(512M) 13.103ms
[2024-03-16T09:39:22.340+0000][5.547s] GC(2) User=0.06s Sys=0.00s Real=0.01s
[2024-03-16T09:39:22.341+0000][5.547s] GC(3) Concurrent Mark Cycle
[2024-03-16T09:39:22.341+0000][5.547s] GC(3) Concurrent Clear Claimed Marks
[2024-03-16T09:39:22.341+0000][5.548s] GC(3) Concurrent Clear Claimed Marks 0.335ms
[2024-03-16T09:39:22.342+0000][5.548s] GC(3) Concurrent Scan Root Regions
[2024-03-16T09:39:22.347+0000][5.553s] GC(3) Concurrent Scan Root Regions 5.285ms
[2024-03-16T09:39:22.347+0000][5.554s] GC(3) Concurrent Mark
[2024-03-16T09:39:22.348+0000][5.554s] GC(3) Concurrent Mark From Roots
[2024-03-16T09:39:22.348+0000][5.554s] GC(3) Using 3 workers of 3 for marking
[2024-03-16T09:39:22.361+0000][5.567s] GC(3) Concurrent Mark From Roots 13.007ms
[2024-03-16T09:39:22.361+0000][5.567s] GC(3) Concurrent Preclean
[2024-03-16T09:39:22.362+0000][5.568s] GC(3) Concurrent Preclean 0.478ms
[2024-03-16T09:39:22.363+0000][5.569s] GC(3) Pause Remark
[2024-03-16T09:39:22.368+0000][5.574s] GC(3) Pause Remark 25M->25M(512M) 5.323ms
[2024-03-16T09:39:22.368+0000][5.575s] GC(3) User=0.03s Sys=0.01s Real=0.01s
[2024-03-16T09:39:22.369+0000][5.575s] GC(3) Concurrent Mark 21.369ms
[2024-03-16T09:39:22.369+0000][5.575s] GC(3) Concurrent Rebuild Remembered Sets
[2024-03-16T09:39:22.378+0000][5.585s] GC(3) Concurrent Rebuild Remembered Sets 9.355ms
[2024-03-16T09:39:22.379+0000][5.585s] GC(3) Pause Cleanup
[2024-03-16T09:39:22.380+0000][5.586s] GC(3) Pause Cleanup 25M->25M(512M) 0.821ms
[2024-03-16T09:39:22.381+0000][5.587s] GC(3) User=0.01s Sys=0.00s Real=0.00s
[2024-03-16T09:39:22.381+0000][5.588s] GC(3) Concurrent Cleanup for Next Mark
[2024-03-16T09:39:22.384+0000][5.590s] GC(3) Concurrent Cleanup for Next Mark 2.687ms
[2024-03-16T09:39:22.385+0000][5.591s] GC(3) Concurrent Mark Cycle 44.543ms
[2024-03-16T09:39:26.450+0000][9.656s] GC(4) Pause Young (Normal) (G1 Evacuation Pause)
[2024-03-16T09:39:26.450+0000][9.656s] GC(4) Using 10 workers of 10 for evacuation
[2024-03-16T09:39:26.456+0000][9.662s] GC(4)   Pre Evacuate Collection Set: 0.3ms
[2024-03-16T09:39:26.456+0000][9.663s] GC(4)   Merge Heap Roots: 0.3ms
[2024-03-16T09:39:26.457+0000][9.663s] GC(4)   Evacuate Collection Set: 3.9ms
[2024-03-16T09:39:26.457+0000][9.663s] GC(4)   Post Evacuate Collection Set: 1.6ms
[2024-03-16T09:39:26.457+0000][9.663s] GC(4)   Other: 0.6ms
[2024-03-16T09:39:26.457+0000][9.664s] GC(4) Eden regions: 84->0(300)
[2024-03-16T09:39:26.457+0000][9.664s] GC(4) Survivor regions: 2->7(11)
[2024-03-16T09:39:26.458+0000][9.664s] GC(4) Old regions: 18->18
[2024-03-16T09:39:26.458+0000][9.664s] GC(4) Archive regions: 2->2
[2024-03-16T09:39:26.458+0000][9.664s] GC(4) Humongous regions: 4->4
[2024-03-16T09:39:26.458+0000][9.664s] GC(4) Metaspace: 34103K(34432K)->34103K(34432K) NonClass: 29831K(30016K)->29831K(30016K) Class: 4271K(4416K)->4271K(4416K)
[2024-03-16T09:39:26.458+0000][9.665s] GC(4) Pause Young (Normal) (G1 Evacuation Pause) 108M->28M(512M) 8.885ms
[2024-03-16T09:39:26.459+0000][9.665s] GC(4) User=0.02s Sys=0.02s Real=0.01s
[2024-03-16T09:39:26.850+0000][10.056s] GC(5) Pause Young (Concurrent Start) (GCLocker Initiated GC)
[2024-03-16T09:39:26.850+0000][10.056s] GC(5) Using 10 workers of 10 for evacuation
[2024-03-16T09:39:26.859+0000][10.065s] GC(5)   Pre Evacuate Collection Set: 0.5ms
[2024-03-16T09:39:26.859+0000][10.066s] GC(5)   Merge Heap Roots: 0.3ms
[2024-03-16T09:39:26.860+0000][10.066s] GC(5)   Evacuate Collection Set: 6.2ms
[2024-03-16T09:39:26.860+0000][10.066s] GC(5)   Post Evacuate Collection Set: 1.4ms
[2024-03-16T09:39:26.860+0000][10.066s] GC(5)   Other: 0.9ms
[2024-03-16T09:39:26.860+0000][10.066s] GC(5) Eden regions: 16->0(299)
[2024-03-16T09:39:26.860+0000][10.067s] GC(5) Survivor regions: 7->8(39)
[2024-03-16T09:39:26.861+0000][10.067s] GC(5) Old regions: 18->18
[2024-03-16T09:39:26.861+0000][10.067s] GC(5) Archive regions: 2->2
[2024-03-16T09:39:26.861+0000][10.067s] GC(5) Humongous regions: 4->4
[2024-03-16T09:39:26.861+0000][10.068s] GC(5) Metaspace: 35750K(36160K)->35750K(36160K) NonClass: 31264K(31488K)->31264K(31488K) Class: 4485K(4672K)->4485K(4672K)
[2024-03-16T09:39:26.862+0000][10.068s] GC(5) Pause Young (Concurrent Start) (GCLocker Initiated GC) 44M->29M(512M) 11.826ms
[2024-03-16T09:39:26.862+0000][10.068s] GC(5) User=0.05s Sys=0.01s Real=0.01s
[2024-03-16T09:39:26.862+0000][10.068s] GC(6) Concurrent Mark Cycle
[2024-03-16T09:39:26.862+0000][10.069s] GC(6) Concurrent Clear Claimed Marks
[2024-03-16T09:39:26.863+0000][10.069s] GC(6) Concurrent Clear Claimed Marks 0.347ms
[2024-03-16T09:39:26.863+0000][10.069s] GC(6) Concurrent Scan Root Regions
[2024-03-16T09:39:26.867+0000][10.074s] GC(6) Concurrent Scan Root Regions 4.300ms
[2024-03-16T09:39:26.868+0000][10.074s] GC(6) Concurrent Mark
[2024-03-16T09:39:26.868+0000][10.074s] GC(6) Concurrent Mark From Roots
[2024-03-16T09:39:26.868+0000][10.075s] GC(6) Using 3 workers of 3 for marking
[2024-03-16T09:39:26.887+0000][10.094s] GC(6) Concurrent Mark From Roots 19.242ms
[2024-03-16T09:39:26.888+0000][10.094s] GC(6) Concurrent Preclean
[2024-03-16T09:39:26.889+0000][10.095s] GC(6) Concurrent Preclean 0.683ms
[2024-03-16T09:39:26.889+0000][10.096s] GC(6) Pause Remark
[2024-03-16T09:39:26.896+0000][10.102s] GC(6) Pause Remark 31M->31M(512M) 6.451ms
[2024-03-16T09:39:26.896+0000][10.103s] GC(6) User=0.04s Sys=0.00s Real=0.01s
[2024-03-16T09:39:26.897+0000][10.103s] GC(6) Concurrent Mark 29.247ms
[2024-03-16T09:39:26.898+0000][10.104s] GC(6) Concurrent Rebuild Remembered Sets
[2024-03-16T09:39:26.905+0000][10.111s] GC(6) Concurrent Rebuild Remembered Sets 7.450ms
[2024-03-16T09:39:26.906+0000][10.112s] GC(6) Pause Cleanup
[2024-03-16T09:39:26.906+0000][10.113s] GC(6) Pause Cleanup 31M->31M(512M) 0.543ms
[2024-03-16T09:39:26.907+0000][10.113s] GC(6) User=0.00s Sys=0.00s Real=0.00s
[2024-03-16T09:39:26.907+0000][10.113s] GC(6) Concurrent Cleanup for Next Mark
[2024-03-16T09:39:26.909+0000][10.115s] GC(6) Concurrent Cleanup for Next Mark 1.696ms
[2024-03-16T09:39:26.910+0000][10.116s] GC(6) Concurrent Mark Cycle 47.979ms
[2024-03-16T09:40:23.651+0000][66.861s] Heap
[2024-03-16T09:40:23.651+0000][66.862s]  garbage-first heap   total 524288K, used 201615K [0x00000000e0000000, 0x0000000100000000)
[2024-03-16T09:40:23.651+0000][66.862s]   region size 1024K, 175 young (179200K), 8 survivors (8192K)
[2024-03-16T09:40:23.651+0000][66.862s]  Metaspace       used 51917K, committed 52416K, reserved 1114112K
[2024-03-16T09:40:23.651+0000][66.862s]   class space    used 6724K, committed 6976K, reserved 1048576K
