[2024-03-16T09:20:23.124+0000][0.035s] Using G1
[2024-03-16T09:20:23.217+0000][0.128s] Version: 17.0.10+7 (release)
[2024-03-16T09:20:23.217+0000][0.128s] CPUs: 12 total, 12 available
[2024-03-16T09:20:23.217+0000][0.129s] Memory: 12660M
[2024-03-16T09:20:23.217+0000][0.129s] Large Page Support: Disabled
[2024-03-16T09:20:23.218+0000][0.129s] NUMA Support: Disabled
[2024-03-16T09:20:23.218+0000][0.129s] Compressed Oops: Enabled (32-bit)
[2024-03-16T09:20:23.218+0000][0.129s] Heap Region Size: 1M
[2024-03-16T09:20:23.218+0000][0.130s] Heap Min Capacity: 512M
[2024-03-16T09:20:23.218+0000][0.130s] Heap Initial Capacity: 512M
[2024-03-16T09:20:23.219+0000][0.130s] Heap Max Capacity: 512M
[2024-03-16T09:20:23.219+0000][0.130s] Pre-touch: Enabled
[2024-03-16T09:20:23.219+0000][0.130s] Parallel Workers: 10
[2024-03-16T09:20:23.219+0000][0.131s] Concurrent Workers: 3
[2024-03-16T09:20:23.219+0000][0.131s] Concurrent Refinement Workers: 10
[2024-03-16T09:20:23.219+0000][0.131s] Periodic GC: Disabled
[2024-03-16T09:20:23.226+0000][0.137s] CDS archive(s) mapped at: [0x00007f61e7000000-0x00007f61e7a5f000-0x00007f61e7a5f000), size 10874880, SharedBaseAddress: 0x00007f61e7000000, ArchiveRelocationMode: 1.
[2024-03-16T09:20:23.226+0000][0.137s] Compressed class space mapped at: 0x00007f61e8000000-0x00007f6228000000, reserved size: 1073741824
[2024-03-16T09:20:23.226+0000][0.138s] Narrow klass base: 0x00007f61e7000000, Narrow klass shift: 0, Narrow klass range: 0x100000000
[2024-03-16T09:20:24.240+0000][1.152s] GC(0) Pause Young (Normal) (G1 Evacuation Pause)
[2024-03-16T09:20:24.241+0000][1.152s] GC(0) Using 10 workers of 10 for evacuation
[2024-03-16T09:20:24.245+0000][1.157s] GC(0)   Pre Evacuate Collection Set: 0.3ms
[2024-03-16T09:20:24.246+0000][1.157s] GC(0)   Merge Heap Roots: 0.2ms
[2024-03-16T09:20:24.246+0000][1.158s] GC(0)   Evacuate Collection Set: 2.6ms
[2024-03-16T09:20:24.246+0000][1.158s] GC(0)   Post Evacuate Collection Set: 1.0ms
[2024-03-16T09:20:24.247+0000][1.158s] GC(0)   Other: 0.9ms
[2024-03-16T09:20:24.247+0000][1.159s] GC(0) Eden regions: 29->0(57)
[2024-03-16T09:20:24.247+0000][1.159s] GC(0) Survivor regions: 0->4(4)
[2024-03-16T09:20:24.248+0000][1.159s] GC(0) Old regions: 0->1
[2024-03-16T09:20:24.248+0000][1.160s] GC(0) Archive regions: 2->2
[2024-03-16T09:20:24.249+0000][1.160s] GC(0) Humongous regions: 0->0
[2024-03-16T09:20:24.249+0000][1.160s] GC(0) Metaspace: 10078K(10368K)->10078K(10368K) NonClass: 8820K(8960K)->8820K(8960K) Class: 1257K(1408K)->1257K(1408K)
[2024-03-16T09:20:24.249+0000][1.161s] GC(0) Pause Young (Normal) (G1 Evacuation Pause) 29M->5M(512M) 8.900ms
[2024-03-16T09:20:24.250+0000][1.161s] GC(0) User=0.04s Sys=0.02s Real=0.01s
[2024-03-16T09:20:24.892+0000][1.804s] GC(1) Pause Young (Normal) (G1 Evacuation Pause)
[2024-03-16T09:20:24.893+0000][1.804s] GC(1) Using 10 workers of 10 for evacuation
[2024-03-16T09:20:24.901+0000][1.813s] GC(1)   Pre Evacuate Collection Set: 0.4ms
[2024-03-16T09:20:24.902+0000][1.813s] GC(1)   Merge Heap Roots: 0.3ms
[2024-03-16T09:20:24.902+0000][1.813s] GC(1)   Evacuate Collection Set: 6.7ms
[2024-03-16T09:20:24.902+0000][1.814s] GC(1)   Post Evacuate Collection Set: 0.9ms
[2024-03-16T09:20:24.902+0000][1.814s] GC(1)   Other: 0.9ms
[2024-03-16T09:20:24.903+0000][1.814s] GC(1) Eden regions: 55->0(67)
[2024-03-16T09:20:24.903+0000][1.814s] GC(1) Survivor regions: 4->8(8)
[2024-03-16T09:20:24.903+0000][1.814s] GC(1) Old regions: 1->9
[2024-03-16T09:20:24.903+0000][1.815s] GC(1) Archive regions: 2->2
[2024-03-16T09:20:24.903+0000][1.815s] GC(1) Humongous regions: 4->4
[2024-03-16T09:20:24.904+0000][1.815s] GC(1) Metaspace: 17895K(18112K)->17895K(18112K) NonClass: 15680K(15808K)->15680K(15808K) Class: 2215K(2304K)->2215K(2304K)
[2024-03-16T09:20:24.904+0000][1.815s] GC(1) Pause Young (Normal) (G1 Evacuation Pause) 64M->21M(512M) 11.672ms
[2024-03-16T09:20:24.904+0000][1.816s] GC(1) User=0.06s Sys=0.01s Real=0.01s
[2024-03-16T09:20:25.276+0000][2.188s] GC(2) Pause Young (Concurrent Start) (Metadata GC Threshold)
[2024-03-16T09:20:25.277+0000][2.188s] GC(2) Using 10 workers of 10 for evacuation
[2024-03-16T09:20:25.283+0000][2.195s] GC(2)   Pre Evacuate Collection Set: 0.3ms
[2024-03-16T09:20:25.284+0000][2.195s] GC(2)   Merge Heap Roots: 0.3ms
[2024-03-16T09:20:25.284+0000][2.195s] GC(2)   Evacuate Collection Set: 4.9ms
[2024-03-16T09:20:25.284+0000][2.196s] GC(2)   Post Evacuate Collection Set: 0.9ms
[2024-03-16T09:20:25.284+0000][2.196s] GC(2)   Other: 0.7ms
[2024-03-16T09:20:25.285+0000][2.196s] GC(2) Eden regions: 31->0(80)
[2024-03-16T09:20:25.285+0000][2.196s] GC(2) Survivor regions: 8->3(9)
[2024-03-16T09:20:25.285+0000][2.196s] GC(2) Old regions: 9->17
[2024-03-16T09:20:25.285+0000][2.197s] GC(2) Archive regions: 2->2
[2024-03-16T09:20:25.285+0000][2.197s] GC(2) Humongous regions: 4->4
[2024-03-16T09:20:25.286+0000][2.197s] GC(2) Metaspace: 21142K(21504K)->21142K(21504K) NonClass: 18525K(18688K)->18525K(18688K) Class: 2616K(2816K)->2616K(2816K)
[2024-03-16T09:20:25.286+0000][2.197s] GC(2) Pause Young (Concurrent Start) (Metadata GC Threshold) 52M->24M(512M) 9.404ms
[2024-03-16T09:20:25.286+0000][2.197s] GC(2) User=0.06s Sys=0.01s Real=0.01s
[2024-03-16T09:20:25.286+0000][2.198s] GC(3) Concurrent Mark Cycle
[2024-03-16T09:20:25.286+0000][2.198s] GC(3) Concurrent Clear Claimed Marks
[2024-03-16T09:20:25.287+0000][2.198s] GC(3) Concurrent Clear Claimed Marks 0.215ms
[2024-03-16T09:20:25.287+0000][2.198s] GC(3) Concurrent Scan Root Regions
[2024-03-16T09:20:25.289+0000][2.201s] GC(3) Concurrent Scan Root Regions 2.407ms
[2024-03-16T09:20:25.289+0000][2.201s] GC(3) Concurrent Mark
[2024-03-16T09:20:25.290+0000][2.201s] GC(3) Concurrent Mark From Roots
[2024-03-16T09:20:25.290+0000][2.201s] GC(3) Using 3 workers of 3 for marking
[2024-03-16T09:20:25.296+0000][2.207s] GC(3) Concurrent Mark From Roots 6.311ms
[2024-03-16T09:20:25.296+0000][2.208s] GC(3) Concurrent Preclean
[2024-03-16T09:20:25.297+0000][2.208s] GC(3) Concurrent Preclean 0.344ms
[2024-03-16T09:20:25.297+0000][2.208s] GC(3) Pause Remark
[2024-03-16T09:20:25.299+0000][2.211s] GC(3) Pause Remark 25M->25M(512M) 2.515ms
[2024-03-16T09:20:25.300+0000][2.211s] GC(3) User=0.01s Sys=0.00s Real=0.00s
[2024-03-16T09:20:25.301+0000][2.212s] GC(3) Concurrent Mark 11.049ms
[2024-03-16T09:20:25.301+0000][2.212s] GC(3) Concurrent Rebuild Remembered Sets
[2024-03-16T09:20:25.305+0000][2.216s] GC(3) Concurrent Rebuild Remembered Sets 4.247ms
[2024-03-16T09:20:25.305+0000][2.217s] GC(3) Pause Cleanup
[2024-03-16T09:20:25.306+0000][2.217s] GC(3) Pause Cleanup 25M->25M(512M) 0.445ms
[2024-03-16T09:20:25.306+0000][2.218s] GC(3) User=0.00s Sys=0.00s Real=0.00s
[2024-03-16T09:20:25.307+0000][2.218s] GC(3) Concurrent Cleanup for Next Mark
[2024-03-16T09:20:25.307+0000][2.219s] GC(3) Concurrent Cleanup for Next Mark 0.698ms
[2024-03-16T09:20:25.308+0000][2.219s] GC(3) Concurrent Mark Cycle 21.488ms
[2024-03-16T09:20:26.611+0000][3.522s] GC(4) Pause Young (Normal) (G1 Evacuation Pause)
[2024-03-16T09:20:26.611+0000][3.523s] GC(4) Using 10 workers of 10 for evacuation
[2024-03-16T09:20:26.618+0000][3.530s] GC(4)   Pre Evacuate Collection Set: 0.2ms
[2024-03-16T09:20:26.619+0000][3.530s] GC(4)   Merge Heap Roots: 0.3ms
[2024-03-16T09:20:26.619+0000][3.530s] GC(4)   Evacuate Collection Set: 4.2ms
[2024-03-16T09:20:26.619+0000][3.531s] GC(4)   Post Evacuate Collection Set: 1.8ms
[2024-03-16T09:20:26.620+0000][3.531s] GC(4)   Other: 0.7ms
[2024-03-16T09:20:26.620+0000][3.531s] GC(4) Eden regions: 80->0(300)
[2024-03-16T09:20:26.620+0000][3.532s] GC(4) Survivor regions: 3->7(11)
[2024-03-16T09:20:26.620+0000][3.532s] GC(4) Old regions: 17->17
[2024-03-16T09:20:26.621+0000][3.532s] GC(4) Archive regions: 2->2
[2024-03-16T09:20:26.621+0000][3.532s] GC(4) Humongous regions: 4->4
[2024-03-16T09:20:26.621+0000][3.533s] GC(4) Metaspace: 34317K(34688K)->34317K(34688K) NonClass: 30009K(30208K)->30009K(30208K) Class: 4307K(4480K)->4307K(4480K)
[2024-03-16T09:20:26.621+0000][3.533s] GC(4) Pause Young (Normal) (G1 Evacuation Pause) 104M->28M(512M) 10.359ms
[2024-03-16T09:20:26.622+0000][3.533s] GC(4) User=0.07s Sys=0.02s Real=0.01s
[2024-03-16T09:20:26.825+0000][3.737s] GC(5) Pause Young (Concurrent Start) (Metadata GC Threshold)
[2024-03-16T09:20:26.826+0000][3.737s] GC(5) Using 10 workers of 10 for evacuation
[2024-03-16T09:20:26.832+0000][3.743s] GC(5)   Pre Evacuate Collection Set: 0.3ms
[2024-03-16T09:20:26.832+0000][3.744s] GC(5)   Merge Heap Roots: 0.2ms
[2024-03-16T09:20:26.832+0000][3.744s] GC(5)   Evacuate Collection Set: 4.4ms
[2024-03-16T09:20:26.832+0000][3.744s] GC(5)   Post Evacuate Collection Set: 1.1ms
[2024-03-16T09:20:26.833+0000][3.744s] GC(5)   Other: 0.8ms
[2024-03-16T09:20:26.833+0000][3.744s] GC(5) Eden regions: 15->0(298)
[2024-03-16T09:20:26.833+0000][3.745s] GC(5) Survivor regions: 7->9(39)
[2024-03-16T09:20:26.833+0000][3.745s] GC(5) Old regions: 17->17
[2024-03-16T09:20:26.834+0000][3.745s] GC(5) Archive regions: 2->2
[2024-03-16T09:20:26.834+0000][3.745s] GC(5) Humongous regions: 4->4
[2024-03-16T09:20:26.834+0000][3.745s] GC(5) Metaspace: 35783K(36160K)->35783K(36160K) NonClass: 31282K(31424K)->31282K(31424K) Class: 4501K(4736K)->4501K(4736K)
[2024-03-16T09:20:26.834+0000][3.746s] GC(5) Pause Young (Concurrent Start) (Metadata GC Threshold) 43M->29M(512M) 9.163ms
[2024-03-16T09:20:26.834+0000][3.746s] GC(5) User=0.04s Sys=0.02s Real=0.01s
[2024-03-16T09:20:26.835+0000][3.746s] GC(6) Concurrent Mark Cycle
[2024-03-16T09:20:26.835+0000][3.746s] GC(6) Concurrent Clear Claimed Marks
[2024-03-16T09:20:26.835+0000][3.747s] GC(6) Concurrent Clear Claimed Marks 0.258ms
[2024-03-16T09:20:26.842+0000][3.753s] GC(6) Concurrent Scan Root Regions
[2024-03-16T09:20:26.844+0000][3.756s] GC(6) Concurrent Scan Root Regions 2.680ms
[2024-03-16T09:20:26.845+0000][3.756s] GC(6) Concurrent Mark
[2024-03-16T09:20:26.845+0000][3.756s] GC(6) Concurrent Mark From Roots
[2024-03-16T09:20:26.845+0000][3.757s] GC(6) Using 3 workers of 3 for marking
[2024-03-16T09:20:26.859+0000][3.771s] GC(6) Concurrent Mark From Roots 14.366ms
[2024-03-16T09:20:26.860+0000][3.771s] GC(6) Concurrent Preclean
[2024-03-16T09:20:26.860+0000][3.772s] GC(6) Concurrent Preclean 0.426ms
[2024-03-16T09:20:26.861+0000][3.772s] GC(6) Pause Remark
[2024-03-16T09:20:26.864+0000][3.775s] GC(6) Pause Remark 32M->32M(512M) 3.127ms
[2024-03-16T09:20:26.864+0000][3.776s] GC(6) User=0.02s Sys=0.00s Real=0.01s
[2024-03-16T09:20:26.864+0000][3.776s] GC(6) Concurrent Mark 19.649ms
[2024-03-16T09:20:26.865+0000][3.776s] GC(6) Concurrent Rebuild Remembered Sets
[2024-03-16T09:20:26.870+0000][3.781s] GC(6) Concurrent Rebuild Remembered Sets 4.978ms
[2024-03-16T09:20:26.870+0000][3.782s] GC(6) Pause Cleanup
[2024-03-16T09:20:26.871+0000][3.782s] GC(6) Pause Cleanup 32M->32M(512M) 0.534ms
[2024-03-16T09:20:26.871+0000][3.782s] GC(6) User=0.00s Sys=0.00s Real=0.00s
[2024-03-16T09:20:26.871+0000][3.783s] GC(6) Concurrent Cleanup for Next Mark
[2024-03-16T09:20:26.872+0000][3.784s] GC(6) Concurrent Cleanup for Next Mark 0.982ms
[2024-03-16T09:20:26.874+0000][3.785s] GC(6) Concurrent Mark Cycle 38.963ms
[2024-03-16T09:20:42.616+0000][19.527s] Heap
[2024-03-16T09:20:42.617+0000][19.528s]  garbage-first heap   total 524288K, used 198869K [0x00000000e0000000, 0x0000000100000000)
[2024-03-16T09:20:42.618+0000][19.529s]   region size 1024K, 174 young (178176K), 9 survivors (9216K)
[2024-03-16T09:20:42.620+0000][19.531s]  Metaspace       used 51943K, committed 52416K, reserved 1114112K
[2024-03-16T09:20:42.621+0000][19.532s]   class space    used 6725K, committed 6976K, reserved 1048576K
