[2024-03-16T09:29:08.800+0000][0.066s] Using G1
[2024-03-16T09:29:08.913+0000][0.180s] Version: 17.0.10+7 (release)
[2024-03-16T09:29:08.914+0000][0.180s] CPUs: 12 total, 12 available
[2024-03-16T09:29:08.914+0000][0.180s] Memory: 12660M
[2024-03-16T09:29:08.915+0000][0.181s] Large Page Support: Disabled
[2024-03-16T09:29:08.915+0000][0.181s] NUMA Support: Disabled
[2024-03-16T09:29:08.916+0000][0.182s] Compressed Oops: Enabled (32-bit)
[2024-03-16T09:29:08.916+0000][0.183s] Heap Region Size: 1M
[2024-03-16T09:29:08.917+0000][0.183s] Heap Min Capacity: 512M
[2024-03-16T09:29:08.917+0000][0.184s] Heap Initial Capacity: 512M
[2024-03-16T09:29:08.919+0000][0.185s] Heap Max Capacity: 512M
[2024-03-16T09:29:08.919+0000][0.185s] Pre-touch: Enabled
[2024-03-16T09:29:08.920+0000][0.186s] Parallel Workers: 10
[2024-03-16T09:29:08.921+0000][0.187s] Concurrent Workers: 3
[2024-03-16T09:29:08.921+0000][0.187s] Concurrent Refinement Workers: 10
[2024-03-16T09:29:08.922+0000][0.188s] Periodic GC: Disabled
[2024-03-16T09:29:08.937+0000][0.203s] CDS archive(s) mapped at: [0x00007f9fcf000000-0x00007f9fcfa5f000-0x00007f9fcfa5f000), size 10874880, SharedBaseAddress: 0x00007f9fcf000000, ArchiveRelocationMode: 1.
[2024-03-16T09:29:08.938+0000][0.204s] Compressed class space mapped at: 0x00007f9fd0000000-0x00007fa010000000, reserved size: 1073741824
[2024-03-16T09:29:08.938+0000][0.204s] Narrow klass base: 0x00007f9fcf000000, Narrow klass shift: 0, Narrow klass range: 0x100000000
[2024-03-16T09:29:10.595+0000][1.861s] GC(0) Pause Young (Normal) (G1 Evacuation Pause)
[2024-03-16T09:29:10.595+0000][1.861s] GC(0) Using 10 workers of 10 for evacuation
[2024-03-16T09:29:10.602+0000][1.868s] GC(0)   Pre Evacuate Collection Set: 0.2ms
[2024-03-16T09:29:10.602+0000][1.868s] GC(0)   Merge Heap Roots: 0.3ms
[2024-03-16T09:29:10.603+0000][1.869s] GC(0)   Evacuate Collection Set: 4.5ms
[2024-03-16T09:29:10.603+0000][1.869s] GC(0)   Post Evacuate Collection Set: 1.4ms
[2024-03-16T09:29:10.603+0000][1.869s] GC(0)   Other: 0.9ms
[2024-03-16T09:29:10.603+0000][1.869s] GC(0) Eden regions: 29->0(57)
[2024-03-16T09:29:10.603+0000][1.869s] GC(0) Survivor regions: 0->4(4)
[2024-03-16T09:29:10.604+0000][1.870s] GC(0) Old regions: 0->1
[2024-03-16T09:29:10.604+0000][1.870s] GC(0) Archive regions: 2->2
[2024-03-16T09:29:10.604+0000][1.870s] GC(0) Humongous regions: 0->0
[2024-03-16T09:29:10.604+0000][1.870s] GC(0) Metaspace: 9921K(10176K)->9921K(10176K) NonClass: 8696K(8832K)->8696K(8832K) Class: 1225K(1344K)->1225K(1344K)
[2024-03-16T09:29:10.604+0000][1.870s] GC(0) Pause Young (Normal) (G1 Evacuation Pause) 29M->5M(512M) 9.881ms
[2024-03-16T09:29:10.605+0000][1.871s] GC(0) User=0.04s Sys=0.01s Real=0.01s
[2024-03-16T09:29:12.018+0000][3.284s] GC(1) Pause Young (Normal) (G1 Evacuation Pause)
[2024-03-16T09:29:12.020+0000][3.286s] GC(1) Using 10 workers of 10 for evacuation
[2024-03-16T09:29:12.042+0000][3.308s] GC(1)   Pre Evacuate Collection Set: 0.3ms
[2024-03-16T09:29:12.042+0000][3.308s] GC(1)   Merge Heap Roots: 0.3ms
[2024-03-16T09:29:12.043+0000][3.309s] GC(1)   Evacuate Collection Set: 7.5ms
[2024-03-16T09:29:12.043+0000][3.309s] GC(1)   Post Evacuate Collection Set: 1.1ms
[2024-03-16T09:29:12.043+0000][3.309s] GC(1)   Other: 15.2ms
[2024-03-16T09:29:12.043+0000][3.309s] GC(1) Eden regions: 57->0(73)
[2024-03-16T09:29:12.043+0000][3.309s] GC(1) Survivor regions: 4->8(8)
[2024-03-16T09:29:12.044+0000][3.310s] GC(1) Old regions: 1->9
[2024-03-16T09:29:12.044+0000][3.310s] GC(1) Archive regions: 2->2
[2024-03-16T09:29:12.044+0000][3.310s] GC(1) Humongous regions: 4->4
[2024-03-16T09:29:12.044+0000][3.310s] GC(1) Metaspace: 17944K(18176K)->17944K(18176K) NonClass: 15728K(15872K)->15728K(15872K) Class: 2215K(2304K)->2215K(2304K)
[2024-03-16T09:29:12.044+0000][3.310s] GC(1) Pause Young (Normal) (G1 Evacuation Pause) 66M->21M(512M) 26.508ms
[2024-03-16T09:29:12.044+0000][3.310s] GC(1) User=0.07s Sys=0.02s Real=0.03s
[2024-03-16T09:29:12.463+0000][3.729s] GC(2) Pause Young (Concurrent Start) (Metadata GC Threshold)
[2024-03-16T09:29:12.463+0000][3.729s] GC(2) Using 10 workers of 10 for evacuation
[2024-03-16T09:29:12.469+0000][3.735s] GC(2)   Pre Evacuate Collection Set: 0.3ms
[2024-03-16T09:29:12.469+0000][3.735s] GC(2)   Merge Heap Roots: 0.2ms
[2024-03-16T09:29:12.470+0000][3.736s] GC(2)   Evacuate Collection Set: 4.0ms
[2024-03-16T09:29:12.470+0000][3.736s] GC(2)   Post Evacuate Collection Set: 0.8ms
[2024-03-16T09:29:12.470+0000][3.736s] GC(2)   Other: 0.8ms
[2024-03-16T09:29:12.470+0000][3.736s] GC(2) Eden regions: 29->0(99)
[2024-03-16T09:29:12.471+0000][3.737s] GC(2) Survivor regions: 8->2(10)
[2024-03-16T09:29:12.471+0000][3.737s] GC(2) Old regions: 9->18
[2024-03-16T09:29:12.471+0000][3.737s] GC(2) Archive regions: 2->2
[2024-03-16T09:29:12.471+0000][3.737s] GC(2) Humongous regions: 4->4
[2024-03-16T09:29:12.471+0000][3.737s] GC(2) Metaspace: 21189K(21504K)->21189K(21504K) NonClass: 18570K(18688K)->18570K(18688K) Class: 2618K(2816K)->2618K(2816K)
[2024-03-16T09:29:12.471+0000][3.737s] GC(2) Pause Young (Concurrent Start) (Metadata GC Threshold) 50M->24M(512M) 8.587ms
[2024-03-16T09:29:12.472+0000][3.738s] GC(2) User=0.04s Sys=0.00s Real=0.00s
[2024-03-16T09:29:12.472+0000][3.738s] GC(3) Concurrent Mark Cycle
[2024-03-16T09:29:12.472+0000][3.738s] GC(3) Concurrent Clear Claimed Marks
[2024-03-16T09:29:12.472+0000][3.738s] GC(3) Concurrent Clear Claimed Marks 0.232ms
[2024-03-16T09:29:12.473+0000][3.739s] GC(3) Concurrent Scan Root Regions
[2024-03-16T09:29:12.474+0000][3.740s] GC(3) Concurrent Scan Root Regions 1.903ms
[2024-03-16T09:29:12.475+0000][3.741s] GC(3) Concurrent Mark
[2024-03-16T09:29:12.475+0000][3.741s] GC(3) Concurrent Mark From Roots
[2024-03-16T09:29:12.475+0000][3.741s] GC(3) Using 3 workers of 3 for marking
[2024-03-16T09:29:12.482+0000][3.748s] GC(3) Concurrent Mark From Roots 6.836ms
[2024-03-16T09:29:12.482+0000][3.748s] GC(3) Concurrent Preclean
[2024-03-16T09:29:12.482+0000][3.748s] GC(3) Concurrent Preclean 0.349ms
[2024-03-16T09:29:12.483+0000][3.749s] GC(3) Pause Remark
[2024-03-16T09:29:12.485+0000][3.751s] GC(3) Pause Remark 25M->25M(512M) 2.629ms
[2024-03-16T09:29:12.486+0000][3.752s] GC(3) User=0.00s Sys=0.00s Real=0.00s
[2024-03-16T09:29:12.486+0000][3.752s] GC(3) Concurrent Mark 11.377ms
[2024-03-16T09:29:12.486+0000][3.752s] GC(3) Concurrent Rebuild Remembered Sets
[2024-03-16T09:29:12.490+0000][3.756s] GC(3) Concurrent Rebuild Remembered Sets 3.831ms
[2024-03-16T09:29:12.491+0000][3.757s] GC(3) Pause Cleanup
[2024-03-16T09:29:12.491+0000][3.757s] GC(3) Pause Cleanup 25M->25M(512M) 0.496ms
[2024-03-16T09:29:12.491+0000][3.757s] GC(3) User=0.00s Sys=0.00s Real=0.00s
[2024-03-16T09:29:12.492+0000][3.758s] GC(3) Concurrent Cleanup for Next Mark
[2024-03-16T09:29:12.492+0000][3.758s] GC(3) Concurrent Cleanup for Next Mark 0.651ms
[2024-03-16T09:29:12.493+0000][3.759s] GC(3) Concurrent Mark Cycle 20.706ms
[2024-03-16T09:29:14.445+0000][5.711s] GC(4) Pause Young (Normal) (G1 Evacuation Pause)
[2024-03-16T09:29:14.446+0000][5.712s] GC(4) Using 10 workers of 10 for evacuation
[2024-03-16T09:29:14.454+0000][5.720s] GC(4)   Pre Evacuate Collection Set: 0.3ms
[2024-03-16T09:29:14.454+0000][5.720s] GC(4)   Merge Heap Roots: 0.3ms
[2024-03-16T09:29:14.454+0000][5.720s] GC(4)   Evacuate Collection Set: 5.2ms
[2024-03-16T09:29:14.454+0000][5.720s] GC(4)   Post Evacuate Collection Set: 2.0ms
[2024-03-16T09:29:14.455+0000][5.721s] GC(4)   Other: 0.8ms
[2024-03-16T09:29:14.455+0000][5.721s] GC(4) Eden regions: 99->0(300)
[2024-03-16T09:29:14.455+0000][5.721s] GC(4) Survivor regions: 2->7(13)
[2024-03-16T09:29:14.455+0000][5.721s] GC(4) Old regions: 18->18
[2024-03-16T09:29:14.455+0000][5.721s] GC(4) Archive regions: 2->2
[2024-03-16T09:29:14.456+0000][5.722s] GC(4) Humongous regions: 4->4
[2024-03-16T09:29:14.456+0000][5.722s] GC(4) Metaspace: 34867K(35328K)->34867K(35328K) NonClass: 30489K(30720K)->30489K(30720K) Class: 4377K(4608K)->4377K(4608K)
[2024-03-16T09:29:14.456+0000][5.722s] GC(4) Pause Young (Normal) (G1 Evacuation Pause) 123M->29M(512M) 10.792ms
[2024-03-16T09:29:14.456+0000][5.722s] GC(4) User=0.06s Sys=0.01s Real=0.01s
[2024-03-16T09:29:14.529+0000][5.795s] GC(5) Pause Young (Concurrent Start) (Metadata GC Threshold)
[2024-03-16T09:29:14.530+0000][5.796s] GC(5) Using 10 workers of 10 for evacuation
[2024-03-16T09:29:14.535+0000][5.801s] GC(5)   Pre Evacuate Collection Set: 0.2ms
[2024-03-16T09:29:14.536+0000][5.802s] GC(5)   Merge Heap Roots: 0.3ms
[2024-03-16T09:29:14.536+0000][5.802s] GC(5)   Evacuate Collection Set: 3.9ms
[2024-03-16T09:29:14.536+0000][5.802s] GC(5)   Post Evacuate Collection Set: 0.9ms
[2024-03-16T09:29:14.536+0000][5.802s] GC(5)   Other: 0.7ms
[2024-03-16T09:29:14.536+0000][5.802s] GC(5) Eden regions: 7->0(299)
[2024-03-16T09:29:14.536+0000][5.802s] GC(5) Survivor regions: 7->8(39)
[2024-03-16T09:29:14.537+0000][5.803s] GC(5) Old regions: 18->18
[2024-03-16T09:29:14.537+0000][5.803s] GC(5) Archive regions: 2->2
[2024-03-16T09:29:14.537+0000][5.803s] GC(5) Humongous regions: 4->4
[2024-03-16T09:29:14.537+0000][5.803s] GC(5) Metaspace: 35863K(36288K)->35863K(36288K) NonClass: 31364K(31552K)->31364K(31552K) Class: 4498K(4736K)->4498K(4736K)
[2024-03-16T09:29:14.537+0000][5.803s] GC(5) Pause Young (Concurrent Start) (Metadata GC Threshold) 35M->30M(512M) 8.071ms
[2024-03-16T09:29:14.538+0000][5.804s] GC(5) User=0.06s Sys=0.01s Real=0.01s
[2024-03-16T09:29:14.538+0000][5.804s] GC(6) Concurrent Mark Cycle
[2024-03-16T09:29:14.538+0000][5.804s] GC(6) Concurrent Clear Claimed Marks
[2024-03-16T09:29:14.538+0000][5.804s] GC(6) Concurrent Clear Claimed Marks 0.185ms
[2024-03-16T09:29:14.538+0000][5.804s] GC(6) Concurrent Scan Root Regions
[2024-03-16T09:29:14.541+0000][5.807s] GC(6) Concurrent Scan Root Regions 2.755ms
[2024-03-16T09:29:14.541+0000][5.807s] GC(6) Concurrent Mark
[2024-03-16T09:29:14.542+0000][5.808s] GC(6) Concurrent Mark From Roots
[2024-03-16T09:29:14.542+0000][5.808s] GC(6) Using 3 workers of 3 for marking
[2024-03-16T09:29:14.556+0000][5.822s] GC(6) Concurrent Mark From Roots 14.549ms
[2024-03-16T09:29:14.557+0000][5.823s] GC(6) Concurrent Preclean
[2024-03-16T09:29:14.557+0000][5.823s] GC(6) Concurrent Preclean 0.429ms
[2024-03-16T09:29:14.557+0000][5.823s] GC(6) Pause Remark
[2024-03-16T09:29:14.560+0000][5.826s] GC(6) Pause Remark 32M->32M(512M) 2.849ms
[2024-03-16T09:29:14.561+0000][5.827s] GC(6) User=0.01s Sys=0.00s Real=0.00s
[2024-03-16T09:29:14.561+0000][5.827s] GC(6) Concurrent Mark 19.585ms
[2024-03-16T09:29:14.561+0000][5.827s] GC(6) Concurrent Rebuild Remembered Sets
[2024-03-16T09:29:14.568+0000][5.834s] GC(6) Concurrent Rebuild Remembered Sets 6.852ms
[2024-03-16T09:29:14.569+0000][5.835s] GC(6) Pause Cleanup
[2024-03-16T09:29:14.570+0000][5.836s] GC(6) Pause Cleanup 32M->32M(512M) 0.731ms
[2024-03-16T09:29:14.570+0000][5.836s] GC(6) User=0.01s Sys=0.00s Real=0.00s
[2024-03-16T09:29:14.571+0000][5.837s] GC(6) Concurrent Cleanup for Next Mark
[2024-03-16T09:29:14.572+0000][5.838s] GC(6) Concurrent Cleanup for Next Mark 1.219ms
[2024-03-16T09:29:14.573+0000][5.839s] GC(6) Concurrent Mark Cycle 34.804ms
[2024-03-16T09:33:12.679+0000][243.945s] Heap
[2024-03-16T09:33:12.688+0000][243.954s]  garbage-first heap   total 524288K, used 207921K [0x00000000e0000000, 0x0000000100000000)
[2024-03-16T09:33:12.688+0000][243.954s]   region size 1024K, 182 young (186368K), 8 survivors (8192K)
[2024-03-16T09:33:12.688+0000][243.954s]  Metaspace       used 53862K, committed 54336K, reserved 1114112K
[2024-03-16T09:33:12.688+0000][243.954s]   class space    used 6999K, committed 7232K, reserved 1048576K
